Archive member included to satisfy reference by file (symbol)

../../install/aarch64-none-circle/lib/libc.a(lib_a-environ.o)
                              kernel.o (environ)
../../install/aarch64-none-circle/lib/libc.a(lib_a-exit.o)
                              kernel.o (exit)
../../install/aarch64-none-circle/lib/libc.a(lib_a-fclose.o)
                              kernel.o (fclose)
../../install/aarch64-none-circle/lib/libc.a(lib_a-fflush.o)
                              ../../install/aarch64-none-circle/lib/libc.a(lib_a-fclose.o) (__sflush_r)
../../install/aarch64-none-circle/lib/libc.a(lib_a-findfp.o)
                              ../../install/aarch64-none-circle/lib/libc.a(lib_a-fclose.o) (__sfp_lock_acquire)
../../install/aarch64-none-circle/lib/libc.a(lib_a-fopen.o)
                              kernel.o (fopen)
../../install/aarch64-none-circle/lib/libc.a(lib_a-fprintf.o)
                              kernel.o (fprintf)
../../install/aarch64-none-circle/lib/libc.a(lib_a-fseek.o)
                              ../../install/aarch64-none-circle/lib/libc.a(lib_a-fopen.o) (_fseek_r)
../../install/aarch64-none-circle/lib/libc.a(lib_a-fseeko.o)
                              ../../install/aarch64-none-circle/lib/libc.a(lib_a-fseek.o) (_fseeko_r)
../../install/aarch64-none-circle/lib/libc.a(lib_a-fstatr.o)
                              ../../install/aarch64-none-circle/lib/libc.a(lib_a-fseeko.o) (_fstat_r)
../../install/aarch64-none-circle/lib/libc.a(lib_a-fwalk.o)
                              ../../install/aarch64-none-circle/lib/libc.a(lib_a-findfp.o) (_fwalk)
../../install/aarch64-none-circle/lib/libc.a(lib_a-getc.o)
                              kernel.o (getc)
../../install/aarch64-none-circle/lib/libc.a(lib_a-impure.o)
                              kernel.o (_impure_ptr)
../../install/aarch64-none-circle/lib/libc.a(lib_a-isalnum.o)
                              kernel.o (isalnum)
../../install/aarch64-none-circle/lib/libc.a(lib_a-isalpha.o)
                              kernel.o (isalpha)
../../install/aarch64-none-circle/lib/libc.a(lib_a-makebuf.o)
                              ../../install/aarch64-none-circle/lib/libc.a(lib_a-fseeko.o) (__smakebuf_r)
../../install/aarch64-none-circle/lib/libc.a(lib_a-openr.o)
                              ../../install/aarch64-none-circle/lib/libc.a(lib_a-fopen.o) (_open_r)
../../install/aarch64-none-circle/lib/libc.a(lib_a-perror.o)
                              kernel.o (perror)
../../install/aarch64-none-circle/lib/libc.a(lib_a-printf.o)
                              kernel.o (printf)
../../install/aarch64-none-circle/lib/libc.a(lib_a-putchar.o)
                              kernel.o (putchar)
../../install/aarch64-none-circle/lib/libc.a(lib_a-puts.o)
                              kernel.o (puts)
../../install/aarch64-none-circle/lib/libc.a(lib_a-reent.o)
                              ../../install/aarch64-none-circle/lib/libc.a(lib_a-fstatr.o) (errno)
../../install/aarch64-none-circle/lib/libc.a(lib_a-refill.o)
                              ../../install/aarch64-none-circle/lib/libc.a(lib_a-fseeko.o) (__srefill_r)
../../install/aarch64-none-circle/lib/libc.a(lib_a-rget.o)
                              ../../install/aarch64-none-circle/lib/libc.a(lib_a-getc.o) (__srget_r)
../../install/aarch64-none-circle/lib/libc.a(lib_a-stdio.o)
                              ../../install/aarch64-none-circle/lib/libc.a(lib_a-findfp.o) (__sread)
../../install/aarch64-none-circle/lib/libc.a(lib_a-strchr.o)
                              kernel.o (strchr)
../../install/aarch64-none-circle/lib/libc.a(lib_a-strcmp.o)
                              main.o (strcmp)
../../install/aarch64-none-circle/lib/libc.a(lib_a-strerror.o)
                              ../../install/aarch64-none-circle/lib/libc.a(lib_a-perror.o) (_strerror_r)
../../install/aarch64-none-circle/lib/libc.a(lib_a-strlen.o)
                              kernel.o (strlen)
../../install/aarch64-none-circle/lib/libc.a(lib_a-sysexecve.o)
                              kernel.o (execve)
../../install/aarch64-none-circle/lib/libc.a(lib_a-sysfork.o)
                              kernel.o (fork)
../../install/aarch64-none-circle/lib/libc.a(lib_a-syswait.o)
                              kernel.o (wait)
../../install/aarch64-none-circle/lib/libc.a(lib_a-u_strerr.o)
                              ../../install/aarch64-none-circle/lib/libc.a(lib_a-strerror.o) (_user_strerror)
../../install/aarch64-none-circle/lib/libc.a(lib_a-ungetc.o)
                              kernel.o (ungetc)
../../install/aarch64-none-circle/lib/libc.a(lib_a-vfprintf.o)
                              ../../install/aarch64-none-circle/lib/libc.a(lib_a-fprintf.o) (_vfprintf_r)
../../install/aarch64-none-circle/lib/libc.a(lib_a-writer.o)
                              ../../install/aarch64-none-circle/lib/libc.a(lib_a-perror.o) (_write_r)
../../install/aarch64-none-circle/lib/libc.a(lib_a-wsetup.o)
[...]
Memory Configuration

Name             Origin             Length             Attributes
*default*        0x0000000000000000 0xffffffffffffffff

Linker script and memory map

Address of section .init set to 0x80000

.init           0x0000000000080000       0xa8
 *(.init)
 .init          0x0000000000080000       0xa8 ../../libs/circle/lib/libcircle.a(startup64.o)
                0x0000000000080000                _start

.text           0x0000000000080800    0x659b8
 *(.text*)
 .text          0x0000000000080800        0x0 /home/wk/protool/arm-gnu-toolchain-13.2.Rel1-x86_64-aarch64-none-elf/bin/../lib/gcc/aarch64-none-elf/13.2.1/crtbegin.o
 .text.deregister_tm_clones
                0x0000000000080800       0x30 /home/wk/protool/arm-gnu-toolchain-13.2.Rel1-x86_64-aarch64-none-elf/bin/../lib/gcc/aarch64-none-elf/13.2.1/crtbegin.o
 .text.register_tm_clones
                0x0000000000080830       0x3c /home/wk/protool/arm-gnu-toolchain-13.2.Rel1-x86_64-aarch64-none-elf/bin/../lib/gcc/aarch64-none-elf/13.2.1/crtbegin.o
 *fill*         0x000000000008086c        0x4 
 .text.__do_global_dtors_aux
                0x0000000000080870       0x48 /home/wk/protool/arm-gnu-toolchain-13.2.Rel1-x86_64-aarch64-none-elf/bin/../lib/gcc/aarch64-none-elf/13.2.1/crtbegin.o
 *fill*         0x00000000000808b8        0x8 
 .text.frame_dummy
                0x00000000000808c0       0x34 /home/wk/protool/arm-gnu-toolchain-13.2.Rel1-x86_64-aarch64-none-elf/bin/../lib/gcc/aarch64-none-elf/13.2.1/crtbegin.o
 .text          0x00000000000808f4        0x0 main.o
 *fill*         0x00000000000808f4        0xc 
 .text._ZN10CStdlibApp7CleanupEv
                0x0000000000080900        0x4 main.o
                0x0000000000080900                CStdlibApp::Cleanup()
 *fill*         0x0000000000080904        0xc 
 .text._ZN15CStdlibAppStdio7CleanupEv
                0x0000000000080910       0x14 main.o
                0x0000000000080910                CStdlibAppStdio::Cleanup()
 *fill*         0x0000000000080924        0xc 
 .text._ZN10CStdlibApp10InitializeEv
                0x0000000000080930        0x8 main.o
                0x0000000000080930                CStdlibApp::Initialize()
 *fill*         0x0000000000080938        0x8 
 .text._ZN16CStdlibAppScreen10InitializeEv
                0x0000000000080940       0xac main.o
                0x0000000000080940                CStdlibAppScreen::Initialize()
 *fill*         0x00000000000809ec        0x4 
 .text._ZN15CStdlibAppStdio10InitializeEv
                0x00000000000809f0      0x180 main.o
                0x00000000000809f0                CStdlibAppStdio::Initialize()
 .text._ZN15CStdlibAppStdioD2Ev
                0x0000000000080b70       0xc0 main.o
                0x0000000000080b70                CStdlibAppStdio::~CStdlibAppStdio()
                0x0000000000080b70                CStdlibAppStdio::~CStdlibAppStdio()
 .text.startup  0x0000000000080c30       0x7c main.o
                0x0000000000080c30                main
 *fill*         0x0000000000080cac        0x4 
 .text._ZN15CStdlibAppStdioD0Ev
                0x0000000000080cb0       0xcc main.o
                0x0000000000080cb0                CStdlibAppStdio::~CStdlibAppStdio()
 *fill*         0x0000000000080d7c        0x4 
 .text          0x0000000000080d80     0x4318 kernel.o
                0x0000000000080d80                prim_set_env(object*)
                0x0000000000080dc0                prim_list(object*)
                0x0000000000080dd0                prim_car(object*)
                0x0000000000080e10                prim_cdr(object*)
                0x0000000000080e50                prim_nullq(object*)
                0x0000000000080e80                prim_atomq(object*)
                0x0000000000080ec0                prim_neq(object*)
                0x0000000000080f30                prim_get_env(object*)
                0x0000000000080fd0                prim_pairq(object*)
                0x0000000000081010                prim_listq(object*)
                0x00000000000810a0                prim_cons(object*)
                0x0000000000081130                ht_init(int)
                0x00000000000811b0                ht_insert(object*)
                0x0000000000081210                ht_lookup(char*)
                0x0000000000081260                alloc()
                0x0000000000081290                __type_check(char const*, object*, type_t)
                0x0000000000081330                prim_vec(object*)
                0x0000000000081420                prim_setcar(object*)
                0x00000000000814e0                prim_setcdr(object*)
                0x00000000000815a0                prim_add(object*)
                0x00000000000816d0                prim_sub(object*)
                0x0000000000081800                prim_div(object*)
                0x0000000000081930                prim_mul(object*)
                0x0000000000081a60                prim_gt(object*)
                0x0000000000081b90                prim_lt(object*)
                0x0000000000081cc0                prim_vget(object*)
                0x0000000000081e00                make_vector(int)
                0x0000000000081e70                my_strdup(char const*)
                0x0000000000081ef0                make_symbol(char*)
                0x0000000000082020                prim_type(object*)
                0x0000000000082070                prim_vset(object*)
                0x00000000000821d0                make_integer(int)
                0x0000000000082210                make_primitive(object* (*)(object*))
                0x0000000000082260                make_lambda(object*, object*)
                0x00000000000822e0                make_procedure(object*, object*, object*)
                0x00000000000823a0                cons(object*, object*)
                0x00000000000823f0                car(object*)
                0x0000000000082420                cdr(object*)
                0x0000000000082450                append(object*, object*)
                0x00000000000824d0                reverse(object*, object*)
                0x0000000000082580                is_equal(object*, object*)
                0x0000000000082620                prim_eq(object*)
                0x00000000000826a0                prim_equal(object*)
                0x0000000000082850                not_false(object*)
                0x00000000000828f0                is_tagged(object*, object*)
                0x0000000000082910                length(object*)
                0x0000000000082950                prim_exit(object*)
                0x0000000000082980                extend_env(object*, object*, object*)
                0x0000000000082a00                lookup_variable(object*, object*)
                0x0000000000082b30                set_variable(object*, object*, object*)
                0x0000000000082c60                define_variable(object*, object*, object*)
                0x0000000000082e20                peek(__sFILE*)
                0x0000000000082e50                skip(__sFILE*)
                0x0000000000082e80                read_string(__sFILE*)
                0x0000000000082f20                read_symbol(__sFILE*, char)
                0x0000000000082ff0                read_int(__sFILE*, int)
                0x0000000000083060                read_exp(__sFILE*)
                0x00000000000832f0                prim_read(object*)
                0x0000000000083330                read_list(__sFILE*)
                0x0000000000083430                read_quote(__sFILE*)
                0x00000000000834b0                print_exp(char*, object*)
                0x0000000000083660                prim_print(object*)
                0x00000000000836c0                eval(object*, object*)
                0x00000000000841d0                evlis(object*, object*)
                0x0000000000084290                eval_sequence(object*, object*)
                0x0000000000084310                load_file(object*)
                0x00000000000843c0                prim_exec(object*)
                0x00000000000845c0                init_env()
                0x0000000000084e60                CKernel::Run()
                0x0000000000084f00                CKernel::CKernel()
                0x0000000000084f00                CKernel::CKernel()
 *fill*         0x0000000000085098        0x8 
 .text._ZN7CKernelD2Ev
                0x00000000000850a0       0xc0 kernel.o
                0x00000000000850a0                CKernel::~CKernel()
                0x00000000000850a0                CKernel::~CKernel()
 .text._ZN7CKernelD0Ev
                0x0000000000085160       0xcc kernel.o
                0x0000000000085160                CKernel::~CKernel()
 *fill*         0x000000000008522c        0x4 
 .text._ZN16CStdlibAppScreenC2EPKc
                0x0000000000085230      0x234 kernel.o
                0x0000000000085230                CStdlibAppScreen::CStdlibAppScreen(char const*)
                0x0000000000085230                CStdlibAppScreen::CStdlibAppScreen(char const*)
 .text          0x0000000000085464        0x0 ../../install/aarch64-none-circle/lib/libc.a(lib_a-environ.o)
 .text          0x0000000000085464       0x58 ../../install/aarch64-none-circle/lib/libc.a(lib_a-exit.o)
                0x0000000000085464                exit
 .text          0x00000000000854bc      0x158 ../../install/aarch64-none-circle/lib/libc.a(lib_a-fclose.o)
                0x00000000000854bc                _fclose_r
                0x00000000000855f0                fclose
 .text          0x0000000000085614      0x3f4 ../../install/aarch64-none-circle/lib/libc.a(lib_a-fflush.o)
                0x0000000000085614                __sflush_r
                0x0000000000085944                _fflush_r
                0x00000000000859b8                fflush
 .text          0x0000000000085a08      0x544 ../../install/aarch64-none-circle/lib/libc.a(lib_a-findfp.o)
                0x0000000000085b58                __sfmoreglue
                0x0000000000085c18                __sfp
                0x0000000000085db0                _cleanup_r
                0x0000000000085de0                _cleanup
                0x0000000000085e04                __sinit
                0x0000000000085e9c                __sfp_lock_acquire
                0x0000000000085ea4                __sfp_lock_release
                0x0000000000085eac                __sinit_lock_acquire
                0x0000000000085eb4                __sinit_lock_release
                0x0000000000085ee4                __fp_lock_all
                0x0000000000085f18                __fp_unlock_all
 .text          0x0000000000085f4c      0x148 ../../install/aarch64-none-circle/lib/libc.a(lib_a-fopen.o)
                0x0000000000085f4c                _fopen_r
                0x0000000000086064                fopen
 .text          0x0000000000086094      0x15c ../../install/aarch64-none-circle/lib/libc.a(lib_a-fprintf.o)
                0x0000000000086094                _fprintf_r
                0x000000000008613c                fprintf
 .text          0x00000000000861f0       0x6c ../../install/aarch64-none-circle/lib/libc.a(lib_a-fseek.o)
                0x00000000000861f0                _fseek_r
                0x0000000000086224                fseek
 .text          0x000000000008625c      0x6f4 ../../install/aarch64-none-circle/lib/libc.a(lib_a-fseeko.o)
                0x000000000008625c                _fseeko_r
                0x0000000000086918                fseeko
 .text          0x0000000000086950       0x70 ../../install/aarch64-none-circle/lib/libc.a(lib_a-fstatr.o)
                0x0000000000086950                _fstat_r
 .text          0x00000000000869c0      0x13c ../../install/aarch64-none-circle/lib/libc.a(lib_a-fwalk.o)
                0x00000000000869c0                _fwalk
                0x0000000000086a5c                _fwalk_reent
 .text          0x0000000000086afc      0x124 ../../install/aarch64-none-circle/lib/libc.a(lib_a-getc.o)
                0x0000000000086afc                _getc_r
                0x0000000000086b88                getc
 .text          0x0000000000086c20        0x0 ../../install/aarch64-none-circle/lib/libc.a(lib_a-impure.o)
 .text          0x0000000000086c20       0x2c ../../install/aarch64-none-circle/lib/libc.a(lib_a-isalnum.o)
                0x0000000000086c20                isalnum
 .text          0x0000000000086c4c       0x2c ../../install/aarch64-none-circle/lib/libc.a(lib_a-isalpha.o)
                0x0000000000086c4c                isalpha
 .text          0x0000000000086c78      0x22c ../../install/aarch64-none-circle/lib/libc.a(lib_a-makebuf.o)
                0x0000000000086c78                __smakebuf_r
                0x0000000000086dd4                __swhatbuf_r
 .text          0x0000000000086ea4       0x78 ../../install/aarch64-none-circle/lib/libc.a(lib_a-openr.o)
                0x0000000000086ea4                _open_r
 .text          0x0000000000086f1c      0x2b8 ../../install/aarch64-none-circle/lib/libc.a(lib_a-perror.o)
                0x0000000000086f1c                _perror_r
                0x00000000000871a8                perror
 .text          0x00000000000871d4      0x170 ../../install/aarch64-none-circle/lib/libc.a(lib_a-printf.o)
                0x00000000000871d4                _printf_r
                0x0000000000087284                printf
 .text          0x0000000000087344       0x6c ../../install/aarch64-none-circle/lib/libc.a(lib_a-putchar.o)
                0x0000000000087344                _putchar_r
                0x0000000000087374                putchar
 .text          0x00000000000873b0      0x138 ../../install/aarch64-none-circle/lib/libc.a(lib_a-puts.o)
                0x00000000000873b0                _puts_r
                0x00000000000874c0                puts
 .text          0x00000000000874e8      0x204 ../../install/aarch64-none-circle/lib/libc.a(lib_a-reent.o)
                0x00000000000874e8                cleanup_glue
                0x0000000000087534                _reclaim_reent
 .text          0x00000000000876ec      0x2e0 ../../install/aarch64-none-circle/lib/libc.a(lib_a-refill.o)
                0x0000000000087730                __srefill_r
 .text          0x00000000000879cc       0xa8 ../../install/aarch64-none-circle/lib/libc.a(lib_a-rget.o)
                0x00000000000879cc                __srget_r
                0x0000000000087a50                __srget
 .text          0x0000000000087a74      0x1d4 ../../install/aarch64-none-circle/lib/libc.a(lib_a-stdio.o)
                0x0000000000087a74                __sread
                0x0000000000087aec                __seofread
                0x0000000000087b0c                __swrite
                0x0000000000087b98                __sseek
                0x0000000000087c14                __sclose
 .text          0x0000000000087c48       0xdc ../../install/aarch64-none-circle/lib/libc.a(lib_a-strchr.o)
                0x0000000000087c48                strchr
 *fill*         0x0000000000087d24       0x1c 
 .text          0x0000000000087d40       0xe4 ../../install/aarch64-none-circle/lib/libc.a(lib_a-strcmp.o)
                0x0000000000087d40                strcmp
 .text          0x0000000000087e24      0x5f0 ../../install/aarch64-none-circle/lib/libc.a(lib_a-strerror.o)
                0x0000000000087e24                _strerror_r
                0x00000000000883b0                strerror
                0x00000000000883e0                strerror_l
 *fill*         0x0000000000088414       0x2c 
 .text          0x0000000000088440      0x140 ../../install/aarch64-none-circle/lib/libc.a(lib_a-strlen.o)
                0x0000000000088440                strlen
 .text          0x0000000000088580       0x38 ../../install/aarch64-none-circle/lib/libc.a(lib_a-sysexecve.o)
                0x0000000000088580                execve
 .text          0x00000000000885b8       0x20 ../../install/aarch64-none-circle/lib/libc.a(lib_a-sysfork.o)
                0x00000000000885b8                fork
 .text          0x00000000000885d8       0x28 ../../install/aarch64-none-circle/lib/libc.a(lib_a-syswait.o)
                0x00000000000885d8                wait
 .text          0x0000000000088600       0x1c ../../install/aarch64-none-circle/lib/libc.a(lib_a-u_strerr.o)
                0x0000000000088600                _user_strerror
 .text          0x000000000008861c      0x36c ../../install/aarch64-none-circle/lib/libc.a(lib_a-ungetc.o)
                0x000000000008861c                __submore
                0x0000000000088724                _ungetc_r
                0x000000000008895c                ungetc
 .text          0x0000000000088988     0x2854 ../../install/aarch64-none-circle/lib/libc.a(lib_a-vfprintf.o)
                0x0000000000088a90                vfprintf
                0x0000000000088af0                _vfprintf_r
 .text          0x000000000008b1dc       0x7c ../../install/aarch64-none-circle/lib/libc.a(lib_a-writer.o)
                0x000000000008b1dc                _write_r
 .text          0x000000000008b258      0x1dc ../../install/aarch64-none-circle/lib/libc.a(lib_a-wsetup.o)
                0x000000000008b258                __swsetup_r
 .text          0x000000000008b434      0x1dc ../../install/aarch64-none-circle/lib/libc.a(lib_a-__call_atexit.o)
                0x000000000008b434                __call_exitprocs
 .text          0x000000000008b610       0x68 ../../install/aarch64-none-circle/lib/libc.a(lib_a-closer.o)
                0x000000000008b610                _close_r
 .text          0x000000000008b678        0x0 ../../install/aarch64-none-circle/lib/libc.a(lib_a-ctype_.o)
 .text          0x000000000008b678     0x1a88 ../../install/aarch64-none-circle/lib/libc.a(lib_a-dtoa.o)
                0x000000000008ba2c                _dtoa_r
 .text          0x000000000008d100      0x140 ../../install/aarch64-none-circle/lib/libc.a(lib_a-execr.o)
                0x000000000008d100                _execve_r
                0x000000000008d178                _fork_r
                0x000000000008d1d8                _wait_r
 .text          0x000000000008d240       0x88 ../../install/aarch64-none-circle/lib/libc.a(lib_a-fileno.o)
                0x000000000008d240                fileno
 .text          0x000000000008d2c8       0xf4 ../../install/aarch64-none-circle/lib/libc.a(lib_a-flags.o)
                0x000000000008d2c8                __sflags
 .text          0x000000000008d3bc      0x62c ../../install/aarch64-none-circle/lib/libc.a(lib_a-fvwrite.o)
                0x000000000008d3bc                __sfvwrite_r
 .text          0x000000000008d9e8       0x68 ../../install/aarch64-none-circle/lib/libc.a(lib_a-isattyr.o)
                0x000000000008d9e8                _isatty_r
 .text          0x000000000008da50       0xa8 ../../install/aarch64-none-circle/lib/libc.a(lib_a-localeconv.o)
                0x000000000008da84                __localeconv_l
                0x000000000008dac4                _localeconv_r
                0x000000000008dae0                localeconv
 .text          0x000000000008daf8       0x78 ../../install/aarch64-none-circle/lib/libc.a(lib_a-lseekr.o)
                0x000000000008daf8                _lseek_r
 .text          0x000000000008db70       0xd8 ../../install/aarch64-none-circle/lib/libc.a(lib_a-memchr.o)
                0x000000000008db70                memchr
 .text          0x000000000008dc48     0x18b8 ../../install/aarch64-none-circle/lib/libc.a(lib_a-mprec.o)
                0x000000000008dc48                _Balloc
                0x000000000008dd70                _Bfree
                0x000000000008dde0                __multadd
                0x000000000008df68                __s2b
                0x000000000008e0e8                __hi0bits
                0x000000000008e170                __lo0bits
                0x000000000008e260                __i2b
                0x000000000008e2a4                __multiply
                0x000000000008e668                __pow5mult
                0x000000000008e7dc                __lshift
                0x000000000008e9d4                __mcmp
                0x000000000008ead8                __mdiff
                0x000000000008ed74                __ulp
                0x000000000008ee04                __b2d
                0x000000000008efec                __d2b
                0x000000000008f1f0                __ratio
                0x000000000008f2ac                _mprec_log10
                0x000000000008f310                __copybits
                0x000000000008f3d4                __any_on
 .text          0x000000000008f500      0x17c ../../install/aarch64-none-circle/lib/libc.a(lib_a-putc.o)
                0x000000000008f5a0                _putc_r
                0x000000000008f608                putc
 .text          0x000000000008f67c       0x7c ../../install/aarch64-none-circle/lib/libc.a(lib_a-readr.o)
                0x000000000008f67c                _read_r
 .text          0x000000000008f6f8     0x1748 ../../install/aarch64-none-circle/lib/libc.a(lib_a-vfiprintf.o)
                0x000000000008f6f8                __sprint_r
                0x000000000008f924                vfiprintf
                0x000000000008f984                _vfiprintf_r
 .text          0x0000000000090e40      0x1a8 ../../install/aarch64-none-circle/lib/libc.a(lib_a-wbuf.o)
                0x0000000000090e40                __swbuf_r
                0x0000000000090fbc                __swbuf
 .text          0x0000000000090fe8      0x278 ../../install/aarch64-none-circle/lib/libc.a(lib_a-fputwc.o)
                0x0000000000091088                __fputwc
                0x0000000000091184                _fputwc_r
                0x00000000000911fc                fputwc
 .text          0x0000000000091260       0xe8 ../../install/aarch64-none-circle/lib/libc.a(lib_a-locale.o)
                0x0000000000091280                _setlocale_r
                0x0000000000091300                __locale_mb_cur_max
                0x0000000000091318                setlocale
 .text          0x0000000000091348       0xf8 ../../install/aarch64-none-circle/lib/libc.a(lib_a-mbtowc_r.o)
                0x0000000000091368                _mbtowc_r
                0x00000000000913ac                __ascii_mbtowc
 .text          0x0000000000091440      0x174 ../../install/aarch64-none-circle/lib/libc.a(lib_a-wcrtomb.o)
                0x0000000000091460                _wcrtomb_r
                0x0000000000091504                wcrtomb
 .text          0x00000000000915b4       0xc8 ../../install/aarch64-none-circle/lib/libc.a(lib_a-wctomb_r.o)
                0x00000000000915d4                _wctomb_r
                0x0000000000091610                __ascii_wctomb
 .text          0x000000000009167c       0x30 ../../install/aarch64-none-circle/lib/libcirclenewlib.a(execve.o)
                0x000000000009167c                _execve
 .text          0x00000000000916ac       0x24 ../../install/aarch64-none-circle/lib/libcirclenewlib.a(fork.o)
                0x00000000000916ac                _fork
 .text          0x00000000000916d0     0x1f8c ../../install/aarch64-none-circle/lib/libcirclenewlib.a(io.o)
                0x0000000000092644                CGlueStdioInit(CConsole&)
                0x0000000000092664                _open
                0x0000000000092758                _close
                0x00000000000928c8                _read
                0x0000000000092980                _write
                0x0000000000092a38                _lseek
                0x0000000000092af0                _fstat
                0x0000000000092ba0                ftruncate
                0x0000000000092c50                fsync
                0x0000000000092c6c                _isatty
                0x0000000000092c88                opendir
                0x0000000000092fb4                readdir
                0x0000000000093014                readdir_r
                0x000000000009307c                rewinddir
                0x00000000000930a0                closedir
                0x0000000000093248                _fcntl
                0x00000000000933e8                dup
                0x000000000009340c                dup2
 .text._ZN9CSpinLockC2Ej
                0x000000000009365c       0x24 ../../install/aarch64-none-circle/lib/libcirclenewlib.a(io.o)
                0x000000000009365c                CSpinLock::CSpinLock(unsigned int)
                0x000000000009365c                CSpinLock::CSpinLock(unsigned int)
 .text._ZN9CSpinLock7AcquireEv
                0x0000000000093680       0x34 ../../install/aarch64-none-circle/lib/libcirclenewlib.a(io.o)
                0x0000000000093680                CSpinLock::Acquire()
 .text._ZN9CSpinLock7ReleaseEv
                0x00000000000936b4       0x2c ../../install/aarch64-none-circle/lib/libcirclenewlib.a(io.o)
                0x00000000000936b4                CSpinLock::Release()
 .text._ZN18CUSBHostController8IsActiveEv
                0x00000000000936e0       0x1c ../../install/aarch64-none-circle/lib/libcirclenewlib.a(io.o)
                0x00000000000936e0                CUSBHostController::IsActive()
 .text._ZN10CScheduler8IsActiveEv
                0x00000000000936fc       0x1c ../../install/aarch64-none-circle/lib/libcirclenewlib.a(io.o)
                0x00000000000936fc                CScheduler::IsActive()
 .text._ZN11_CIRCLE_DIRC2Ev
                0x0000000000093718       0x44 ../../install/aarch64-none-circle/lib/libcirclenewlib.a(io.o)
                0x0000000000093718                _CIRCLE_DIR::_CIRCLE_DIR()
                0x0000000000093718                _CIRCLE_DIR::_CIRCLE_DIR()
 .text._Z25call_glueio_func_void_argIXadL_ZN12_GLOBAL__N_17CGlueIO5FSyncEvEEEii
                0x000000000009375c       0x50 ../../install/aarch64-none-circle/lib/libcirclenewlib.a(io.o)
                0x000000000009375c                int call_glueio_func_void_arg<&(anonymous namespace)::CGlueIO::FSync>(int)
 .text._Z25call_glueio_func_void_argIXadL_ZN12_GLOBAL__N_17CGlueIO6IsATtyEvEEEii
                0x00000000000937ac       0x50 ../../install/aarch64-none-circle/lib/libcirclenewlib.a(io.o)
                0x00000000000937ac                int call_glueio_func_void_arg<&(anonymous namespace)::CGlueIO::IsATty>(int)
 .text._Z38call_glueio_func_void_arg_valid_fildesIXadL_ZN12_GLOBAL__N_17CGlueIO5FSyncEvEEEii
                0x00000000000937fc       0x78 ../../install/aarch64-none-circle/lib/libcirclenewlib.a(io.o)
                0x00000000000937fc                int call_glueio_func_void_arg_valid_fildes<&(anonymous namespace)::CGlueIO::FSync>(int)
 .text._Z38call_glueio_func_void_arg_valid_fildesIXadL_ZN12_GLOBAL__N_17CGlueIO6IsATtyEvEEEii
                0x0000000000093874       0x78 ../../install/aarch64-none-circle/lib/libcirclenewlib.a(io.o)
                0x0000000000093874                int call_glueio_func_void_arg_valid_fildes<&(anonymous namespace)::CGlueIO::IsATty>(int)
 .text          0x00000000000938ec       0x28 ../../install/aarch64-none-circle/lib/libcirclenewlib.a(wait.o)
                0x00000000000938ec                _wait
 .text          0x0000000000093914       0x18 ../../install/aarch64-none-circle/lib/libcirclenewlib.a(_exit.o)
                0x0000000000093914                _exit
 .text          0x000000000009392c       0x94 ../../install/aarch64-none-circle/lib/libcirclenewlib.a(mem.o)
                0x000000000009392c                _malloc_r
                0x000000000009394c                _free_r
                0x0000000000093970                _realloc_r
                0x0000000000093998                _calloc_r
 .text          0x00000000000939c0     0x2368 ../../libs/circle/addon/SDCard/libsdcard.a(emmc.o)
                0x00000000000939c0                CEMMCDevice::Seek(unsigned long)
                0x00000000000939d0                CEMMCDevice::GetSize() const
                0x00000000000939e0                CEMMCDevice::~CEMMCDevice()
                0x00000000000939e0                CEMMCDevice::~CEMMCDevice()
                0x0000000000093a90                CEMMCDevice::~CEMMCDevice()
                0x0000000000093ac0                CEMMCDevice::CEMMCDevice(CInterruptSystem*, CTimer*, CActLED*)
                0x0000000000093ac0                CEMMCDevice::CEMMCDevice(CInterruptSystem*, CTimer*, CActLED*)
                0x0000000000093d20                CEMMCDevice::PowerOff()
                0x0000000000093d40                CEMMCDevice::GetBaseClock()
                0x0000000000093d60                CEMMCDevice::GetClockDivider(unsigned int, unsigned int)
                0x0000000000093e00                CEMMCDevice::GetCSDField(unsigned int, unsigned int) const
                0x0000000000093e90                CEMMCDevice::TimeoutWait(unsigned long, unsigned int, int, unsigned int)
                0x0000000000093f30                CEMMCDevice::usDelay(unsigned int)
                0x0000000000093f60                CEMMCDevice::LogWrite(TLogSeverity, char const*, ...)
                0x0000000000094010                CEMMCDevice::PowerOn()
                0x00000000000940b0                CEMMCDevice::SwitchClockRate(unsigned int, unsigned int)
                0x00000000000941b0                CEMMCDevice::ResetCmd()
                0x0000000000094250                CEMMCDevice::ResetDat()
                0x00000000000942f0                CEMMCDevice::IssueCommandInt(unsigned int, unsigned int, int)
                0x00000000000946a0                CEMMCDevice::HandleCardInterrupt()
                0x0000000000094710                CEMMCDevice::HandleInterrupts()
                0x00000000000947f0                CEMMCDevice::IssueCommand(unsigned int, unsigned int, int)
                0x0000000000094930                CEMMCDevice::DoDataCommand(int, unsigned char*, unsigned long, unsigned int)
                0x0000000000094ab0                CEMMCDevice::CardReset()
                0x0000000000095650                CEMMCDevice::CardInit()
                0x0000000000095710                CEMMCDevice::Initialize()
                0x0000000000095850                CEMMCDevice::EnsureDataMode()
                0x0000000000095aa0                CEMMCDevice::DoRead(unsigned char*, unsigned long, unsigned int)
                0x0000000000095b00                CEMMCDevice::DoWrite(unsigned char*, unsigned long, unsigned int)
                0x0000000000095b60                CEMMCDevice::Read(void*, unsigned long)
                0x0000000000095c40                CEMMCDevice::Write(void const*, unsigned long)
                0x0000000000095d20                CEMMCDevice::GetID()
 *fill*         0x0000000000095d28        0x8 
 .text          0x0000000000095d30      0x66c ../../libs/circle/lib/usb/libusb.a(usbhostcontroller.o)
                0x0000000000095d30                CUSBHostController::UpdatePlugAndPlay()
                0x0000000000095e70                CUSBHostController::CUSBHostController(bool)
                0x0000000000095e70                CUSBHostController::CUSBHostController(bool)
                0x0000000000095ec0                CUSBHostController::~CUSBHostController()
                0x0000000000095ec0                CUSBHostController::~CUSBHostController()
                0x0000000000095ee0                CUSBHostController::~CUSBHostController()
                0x0000000000095f20                CUSBHostController::ControlMessage(CUSBEndpoint*, unsigned char, unsigned char, unsigned short, unsigned short, void*, unsigned short)
                0x0000000000096050                CUSBHostController::GetDescriptor(CUSBEndpoint*, unsigned char, unsigned char, void*, unsigned int, unsigned char, unsigned short)
                0x0000000000096080                CUSBHostController::SetAddress(CUSBEndpoint*, unsigned char)
                0x00000000000960d0                CUSBHostController::SetConfiguration(CUSBEndpoint*, unsigned char)
                0x0000000000096120                CUSBHostController::Transfer(CUSBEndpoint*, void*, unsigned int, unsigned int)
                0x00000000000961a0                CUSBHostController::IsPlugAndPlay() const
                0x00000000000961b0                CUSBHostController::PortStatusChanged(CUSBHCIRootPort*)
                0x0000000000096290                CUSBHostController::PortStatusChanged(CUSBStandardHub*)
                0x0000000000096370                CUSBHostController::Get()
 *fill*         0x000000000009639c        0x4 
 .text._ZN18CUSBHostController24CancelDeviceTransactionsEP10CUSBDevice
                0x00000000000963a0        0x4 ../../libs/circle/lib/usb/libusb.a(usbhostcontroller.o)
                0x00000000000963a0                CUSBHostController::CancelDeviceTransactions(CUSBDevice*)
 *fill*         0x00000000000963a4        0xc 
 .text          0x00000000000963b0      0x524 ../../libs/circle/lib/usb/libusb.a(usbrequest.o)
                0x00000000000963b0                CUSBRequest::CUSBRequest(CUSBEndpoint*, void*, unsigned int, TSetupData*)
                0x00000000000963b0                CUSBRequest::CUSBRequest(CUSBEndpoint*, void*, unsigned int, TSetupData*)
                0x0000000000096420                CUSBRequest::~CUSBRequest()
                0x0000000000096420                CUSBRequest::~CUSBRequest()
                0x0000000000096430                CUSBRequest::GetEndpoint() const
                0x0000000000096460                CUSBRequest::SetStatus(int)
                0x0000000000096470                CUSBRequest::SetResultLen(unsigned int)
                0x0000000000096480                CUSBRequest::SetUSBError(TUSBError)
                0x0000000000096490                CUSBRequest::GetStatus() const
                0x00000000000964a0                CUSBRequest::GetResultLength() const
                0x00000000000964d0                CUSBRequest::GetUSBError() const
                0x0000000000096500                CUSBRequest::GetSetupData()
                0x0000000000096560                CUSBRequest::GetBuffer()
                0x00000000000965a0                CUSBRequest::GetBufLen() const
                0x00000000000965b0                CUSBRequest::AddIsoPacket(unsigned short)
                0x0000000000096630                CUSBRequest::GetNumIsoPackets() const
                0x0000000000096660                CUSBRequest::GetIsoPacketSize(unsigned int) const
                0x00000000000966a0                CUSBRequest::SetCompletionRoutine(void (*)(CUSBRequest*, void*, void*), void*, void*)
                0x00000000000966d0                CUSBRequest::CallCompletionRoutine()
                0x0000000000096700                CUSBRequest::SetCompleteOnNAK()
                0x0000000000096710                CUSBRequest::IsCompleteOnNAK() const
                0x0000000000096720                CUSBRequest::operator new(unsigned long)
                0x0000000000096770                CUSBRequest::operator delete(void*, unsigned long)
                0x00000000000967c0                CUSBRequest::InitAllocator(unsigned int)
                0x0000000000096840                CUSBRequest::InitProtectedAllocator(unsigned int, unsigned int)
 *fill*         0x00000000000968d4        0xc 
 .text          0x00000000000968e0     0x121c ../../libs/circle/lib/usb/libusb.a(usbstandardhub.o)
                0x00000000000968e0                CUSBStandardHub::GetHubInfo() const
                0x00000000000968f0                CUSBStandardHub::~CUSBStandardHub()
                0x00000000000968f0                CUSBStandardHub::~CUSBStandardHub()
                0x0000000000096a10                CUSBStandardHub::~CUSBStandardHub()
                0x0000000000096a40                CUSBStandardHub::CUSBStandardHub(CUSBFunction*)
                0x0000000000096a40                CUSBStandardHub::CUSBStandardHub(CUSBFunction*)
                0x0000000000096aa0                CUSBStandardHub::DisablePort(unsigned int)
                0x0000000000096b70                CUSBStandardHub::RemoveDeviceAt(unsigned int)
                0x0000000000096bd0                CUSBStandardHub::StartStatusChangeRequest()
                0x0000000000096cc0                CUSBStandardHub::CompletionRoutine(CUSBRequest*)
                0x0000000000096d90                CUSBStandardHub::CompletionStub(CUSBRequest*, void*, void*)
                0x0000000000096dc0                CUSBStandardHub::Initialize()
                0x0000000000096f30                CUSBStandardHub::EnumeratePorts()
                0x00000000000975b0                CUSBStandardHub::ReScanDevices()
                0x00000000000975c0                CUSBStandardHub::Configure()
                0x0000000000097760                CUSBStandardHub::HandlePortStatusChange()
 *fill*         0x0000000000097afc        0x4 
 .text.startup  0x0000000000097b00       0x44 ../../libs/circle/lib/usb/libusb.a(usbstandardhub.o)
 *fill*         0x0000000000097b44        0xc 
 .text          0x0000000000097b50      0xce8 ../../libs/circle/lib/usb/libusb.a(xhcidevice.o)
                0x0000000000097b50                CXHCIDevice::SubmitBlockingRequest(CUSBRequest*, unsigned int)
                0x0000000000097bd0                CXHCIDevice::SubmitAsyncRequest(CUSBRequest*, unsigned int)
                0x0000000000097c50                CXHCIDevice::CXHCIDevice(CInterruptSystem*, CTimer*, bool, unsigned int, CXHCISharedMemAllocator*)
                0x0000000000097c50                CXHCIDevice::CXHCIDevice(CInterruptSystem*, CTimer*, bool, unsigned int, CXHCISharedMemAllocator*)
                0x0000000000097d70                CXHCIDevice::ReScanDevices()
                0x0000000000097da0                CXHCIDevice::GetMMIOSpace()
                0x0000000000097dd0                CXHCIDevice::GetSlotManager()
                0x0000000000097e00                CXHCIDevice::GetCommandManager()
                0x0000000000097e30                CXHCIDevice::GetRootHub()
                0x0000000000097e60                CXHCIDevice::AllocateSharedMem(unsigned long, unsigned long, unsigned long)
                0x0000000000097ee0                CXHCIDevice::FreeSharedMem(void*)
                0x0000000000097f10                CXHCIDevice::InterruptHandler()
                0x0000000000098060                CXHCIDevice::InterruptStub(void*)
                0x0000000000098090                CXHCIDevice::HWReset()
                0x0000000000098140                CXHCIDevice::~CXHCIDevice()
                0x0000000000098140                CXHCIDevice::~CXHCIDevice()
                0x0000000000098290                CXHCIDevice::~CXHCIDevice()
                0x00000000000982c0                CXHCIDevice::Initialize(bool)
                0x0000000000098780                CXHCIDevice::DumpStatus()
 *fill*         0x0000000000098838        0x8 
 .text          0x0000000000098840     0x14ac ../../libs/circle/lib/usb/libusb.a(xhciendpoint.o)
                0x0000000000098840                CXHCIEndpoint::CompletionRoutine(CUSBRequest*, void*, void*)
                0x0000000000098890                CXHCIEndpoint::CXHCIEndpoint(CXHCIUSBDevice*, CXHCIDevice*)
                0x0000000000098890                CXHCIEndpoint::CXHCIEndpoint(CXHCIUSBDevice*, CXHCIDevice*)
                0x0000000000098950                CXHCIEndpoint::~CXHCIEndpoint()
                0x0000000000098950                CXHCIEndpoint::~CXHCIEndpoint()
                0x00000000000989d0                CXHCIEndpoint::IsValid()
                0x00000000000989e0                CXHCIEndpoint::GetTransferRing()
                0x0000000000098a10                CXHCIEndpoint::TransferEvent(unsigned char, unsigned int)
                0x0000000000098b80                CXHCIEndpoint::ResetFromHalted()
                0x0000000000098cc0                CXHCIEndpoint::DumpStatus()
                0x0000000000098d80                CXHCIEndpoint::EnqueueTRB(unsigned int, unsigned int, unsigned int, unsigned int)
                0x0000000000098e80                CXHCIEndpoint::TransferAsync(CUSBRequest*, unsigned int)
                0x00000000000993c0                CXHCIEndpoint::Transfer(CUSBRequest*, unsigned int)
                0x0000000000099530                CXHCIEndpoint::GetInputContextSetMaxPacketSize()
                0x00000000000995e0                CXHCIEndpoint::SetMaxPacketSize(unsigned int)
                0x0000000000099720                CXHCIEndpoint::GetInputContextConfigureEndpoint()
                0x0000000000099920                CXHCIEndpoint::CXHCIEndpoint(CXHCIUSBDevice*, TUSBEndpointDescriptor const*, CXHCIDevice*)
                0x0000000000099920                CXHCIEndpoint::CXHCIEndpoint(CXHCIUSBDevice*, TUSBEndpointDescriptor const*, CXHCIDevice*)
                0x0000000000099c40                CXHCIEndpoint::FreeInputContext()
                0x0000000000099c80                CXHCIEndpoint::ConvertInterval(unsigned char, TUSBSpeed)
 *fill*         0x0000000000099cec        0x4 
 .text          0x0000000000099cf0      0x4a4 ../../libs/circle/lib/usb/libusb.a(xhcieventmanager.o)
                0x0000000000099cf0                CXHCIEventManager::CXHCIEventManager(CXHCIDevice*)
                0x0000000000099cf0                CXHCIEventManager::CXHCIEventManager(CXHCIDevice*)
                0x0000000000099ee0                CXHCIEventManager::~CXHCIEventManager()
                0x0000000000099ee0                CXHCIEventManager::~CXHCIEventManager()
                0x0000000000099f80                CXHCIEventManager::IsValid()
                0x0000000000099fc0                CXHCIEventManager::HandleEvents()
                0x000000000009a180                CXHCIEventManager::DumpStatus()
 *fill*         0x000000000009a194        0xc 
 .text          0x000000000009a1a0      0x4ec ../../libs/circle/lib/usb/libusb.a(xhcimmiospace.o)
                0x000000000009a1a0                CXHCIMMIOSpace::CXHCIMMIOSpace(unsigned long)
                0x000000000009a1a0                CXHCIMMIOSpace::CXHCIMMIOSpace(unsigned long)
                0x000000000009a220                CXHCIMMIOSpace::~CXHCIMMIOSpace()
                0x000000000009a220                CXHCIMMIOSpace::~CXHCIMMIOSpace()
                0x000000000009a230                CXHCIMMIOSpace::cap_read32(unsigned int)
                0x000000000009a290                CXHCIMMIOSpace::op_read32(unsigned int)
                0x000000000009a2c0                CXHCIMMIOSpace::pt_read32(unsigned int, unsigned int)
                0x000000000009a300                CXHCIMMIOSpace::rt_read32(unsigned int)
                0x000000000009a330                CXHCIMMIOSpace::rt_read32(unsigned int, unsigned int)
                0x000000000009a370                CXHCIMMIOSpace::rt_read64(unsigned int, unsigned int)
                0x000000000009a3c0                CXHCIMMIOSpace::op_write32(unsigned int, unsigned int)
                0x000000000009a3f0                CXHCIMMIOSpace::db_write32(unsigned int, unsigned int)
                0x000000000009a430                CXHCIMMIOSpace::pt_write32(unsigned int, unsigned int, unsigned int)
                0x000000000009a470                CXHCIMMIOSpace::rt_write32(unsigned int, unsigned int, unsigned int)
                0x000000000009a4b0                CXHCIMMIOSpace::op_write64(unsigned int, unsigned long)
                0x000000000009a4f0                CXHCIMMIOSpace::rt_write64(unsigned int, unsigned int, unsigned long)
                0x000000000009a540                CXHCIMMIOSpace::op_wait32(unsigned int, unsigned int, unsigned int, unsigned int)
                0x000000000009a5f0                CXHCIMMIOSpace::DumpStatus()
                0x000000000009a660                CXHCIMMIOSpace::cap_read32_raw(unsigned int)
 *fill*         0x000000000009a68c        0x4 
 .text          0x000000000009a690      0x54c ../../libs/circle/lib/usb/libusb.a(xhciring.o)
                0x000000000009a690                CXHCIRing::CXHCIRing(TXHCIRingType, unsigned int, CXHCIDevice*)
                0x000000000009a690                CXHCIRing::CXHCIRing(TXHCIRingType, unsigned int, CXHCIDevice*)
                0x000000000009a7c0                CXHCIRing::~CXHCIRing()
                0x000000000009a7c0                CXHCIRing::~CXHCIRing()
                0x000000000009a7f0                CXHCIRing::IsValid() const
                0x000000000009a800                CXHCIRing::GetTRBCount() const
                0x000000000009a830                CXHCIRing::GetFirstTRB()
                0x000000000009a860                CXHCIRing::GetDequeueTRB()
                0x000000000009a8d0                CXHCIRing::GetEnqueueTRB()
                0x000000000009a940                CXHCIRing::IncrementDequeue()
                0x000000000009aa10                CXHCIRing::IncrementEnqueue()
                0x000000000009ab20                CXHCIRing::GetCycleState() const
                0x000000000009ab50                CXHCIRing::DumpStatus(char const*)
 *fill*         0x000000000009abdc        0x4 
 .text          0x000000000009abe0      0x30c ../../libs/circle/lib/usb/libusb.a(xhciroothub.o)
                0x000000000009abe0                CXHCIRootHub::CXHCIRootHub(unsigned int, CXHCIDevice*)
                0x000000000009abe0                CXHCIRootHub::CXHCIRootHub(unsigned int, CXHCIDevice*)
                0x000000000009ac70                CXHCIRootHub::~CXHCIRootHub()
                0x000000000009ac70                CXHCIRootHub::~CXHCIRootHub()
                0x000000000009acd0                CXHCIRootHub::Initialize()
                0x000000000009adb0                CXHCIRootHub::ReScanDevices()
                0x000000000009ae40                CXHCIRootHub::StatusChanged(unsigned char)
                0x000000000009aea0                CXHCIRootHub::DumpStatus()
 *fill*         0x000000000009aeec        0x4 
 .text          0x000000000009aef0      0x9b0 ../../libs/circle/lib/usb/libusb.a(xhcirootport.o)
                0x000000000009aef0                CXHCIRootPort::~CXHCIRootPort()
                0x000000000009aef0                CXHCIRootPort::~CXHCIRootPort()
                0x000000000009af20                CXHCIRootPort::RemoveDevice()
                0x000000000009af60                CXHCIRootPort::GetPortID() const
                0x000000000009af90                CXHCIRootPort::~CXHCIRootPort()
                0x000000000009afe0                CXHCIRootPort::CXHCIRootPort(unsigned char, CXHCIDevice*)
                0x000000000009afe0                CXHCIRootPort::CXHCIRootPort(unsigned char, CXHCIDevice*)
                0x000000000009b050                CXHCIRootPort::GetPortSpeed()
                0x000000000009b0d0                CXHCIRootPort::StatusChanged()
                0x000000000009b1b0                CXHCIRootPort::DumpStatus()
                0x000000000009b250                CXHCIRootPort::IsConnected()
                0x000000000009b2b0                CXHCIRootPort::Reset(unsigned int)
                0x000000000009b380                CXHCIRootPort::WaitForU0State(unsigned int)
                0x000000000009b3f0                CXHCIRootPort::PowerOffOnOverCurrent()
                0x000000000009b4c0                CXHCIRootPort::Configure()
                0x000000000009b5b0                CXHCIRootPort::Initialize()
                0x000000000009b790                CXHCIRootPort::ReScanDevices()
                0x000000000009b7e0                CXHCIRootPort::HandlePortStatusChange()
 .text          0x000000000009b8a0      0x380 ../../libs/circle/lib/usb/libusb.a(xhcisharedmemallocator.o)
                0x000000000009b8a0                CXHCISharedMemAllocator::CXHCISharedMemAllocator(unsigned long, unsigned long)
                0x000000000009b8a0                CXHCISharedMemAllocator::CXHCISharedMemAllocator(unsigned long, unsigned long)
                0x000000000009b900                CXHCISharedMemAllocator::~CXHCISharedMemAllocator()
                0x000000000009b900                CXHCISharedMemAllocator::~CXHCISharedMemAllocator()
                0x000000000009b910                CXHCISharedMemAllocator::GetFreeSpace() const
                0x000000000009b920                CXHCISharedMemAllocator::Allocate(unsigned long, unsigned long, unsigned long)
                0x000000000009bb60                CXHCISharedMemAllocator::Free(void*)
 .text          0x000000000009bc20      0x308 ../../libs/circle/lib/usb/libusb.a(xhcislotmanager.o)
                0x000000000009bc20                CXHCISlotManager::CXHCISlotManager(CXHCIDevice*)
                0x000000000009bc20                CXHCISlotManager::CXHCISlotManager(CXHCIDevice*)
                0x000000000009bcd0                CXHCISlotManager::~CXHCISlotManager()
                0x000000000009bcd0                CXHCISlotManager::~CXHCISlotManager()
                0x000000000009bd20                CXHCISlotManager::IsValid()
                0x000000000009bd30                CXHCISlotManager::AssignDevice(unsigned char, CXHCIUSBDevice*)
                0x000000000009be20                CXHCISlotManager::FreeSlot(unsigned char)
                0x000000000009be80                CXHCISlotManager::AssignScratchpadBufferArray(unsigned long*)
                0x000000000009bec0                CXHCISlotManager::TransferEvent(unsigned char, unsigned int, unsigned char, unsigned char)
                0x000000000009bf10                CXHCISlotManager::DumpStatus()
 *fill*         0x000000000009bf28        0x8 
 .text          0x000000000009bf30      0xa00 ../../libs/circle/lib/usb/libusb.a(xhciusbdevice.o)
                0x000000000009bf30                CXHCIUSBDevice::~CXHCIUSBDevice()
                0x000000000009bf30                CXHCIUSBDevice::~CXHCIUSBDevice()
                0x000000000009c020                CXHCIUSBDevice::~CXHCIUSBDevice()
                0x000000000009c050                CXHCIUSBDevice::CXHCIUSBDevice(CXHCIDevice*, TUSBSpeed, CXHCIRootPort*)
                0x000000000009c050                CXHCIUSBDevice::CXHCIUSBDevice(CXHCIDevice*, TUSBSpeed, CXHCIRootPort*)
                0x000000000009c100                CXHCIUSBDevice::CXHCIUSBDevice(CXHCIDevice*, TUSBSpeed, CUSBStandardHub*, unsigned int)
                0x000000000009c100                CXHCIUSBDevice::CXHCIUSBDevice(CXHCIDevice*, TUSBSpeed, CUSBStandardHub*, unsigned int)
                0x000000000009c1a0                CXHCIUSBDevice::GetSlotID() const
                0x000000000009c1e0                CXHCIUSBDevice::GetDeviceContext()
                0x000000000009c210                CXHCIUSBDevice::RegisterEndpoint(unsigned char, CXHCIEndpoint*)
                0x000000000009c270                CXHCIUSBDevice::TransferEvent(unsigned char, unsigned int, unsigned char)
                0x000000000009c2d0                CXHCIUSBDevice::DumpStatus()
                0x000000000009c330                CXHCIUSBDevice::GetInputContextAddressDevice()
                0x000000000009c580                CXHCIUSBDevice::GetInputContextEnableHubFunction()
                0x000000000009c6a0                CXHCIUSBDevice::EnableHubFunction()
                0x000000000009c760                CXHCIUSBDevice::FreeInputContext()
                0x000000000009c7a0                CXHCIUSBDevice::Initialize()
 .text._ZNK12CUSBFunction10GetHubInfoEv
                0x000000000009c930        0x8 ../../libs/circle/lib/usb/libusb.a(xhciusbdevice.o)
                0x000000000009c930                CUSBFunction::GetHubInfo() const
 *fill*         0x000000000009c938        0x8 
 .text          0x000000000009c940     0x149c ../../libs/circle/lib/usb/libusb.a(usbdevice.o)
                0x000000000009c940                CUSBDevice::Configure()
                0x000000000009ca20                CUSBDevice::CUSBDevice(CUSBHostController*, TUSBSpeed, CUSBHCIRootPort*)
                0x000000000009ca20                CUSBDevice::CUSBDevice(CUSBHostController*, TUSBSpeed, CUSBHCIRootPort*)
                0x000000000009cb20                CUSBDevice::ReScanDevices()
                0x000000000009cb80                CUSBDevice::RemoveDevice()
                0x000000000009cbd0                CUSBDevice::GetName(TDeviceNameSelector) const
                0x000000000009cd10                CUSBDevice::GetNames() const
                0x000000000009ce40                CUSBDevice::SetAddress(unsigned char)
                0x000000000009ce80                CUSBDevice::GetAddress() const
                0x000000000009ce90                CUSBDevice::GetSpeed() const
                0x000000000009cea0                CUSBDevice::IsSplit() const
                0x000000000009ceb0                CUSBDevice::GetHubAddress() const
                0x000000000009cec0                CUSBDevice::GetHubPortNumber() const
                0x000000000009ced0                CUSBDevice::GetTTHubDevice() const
                0x000000000009cee0                CUSBDevice::GetEndpoint0() const
                0x000000000009cf10                CUSBDevice::GetHost() const
                0x000000000009cf40                CUSBDevice::GetDeviceDescriptor() const
                0x000000000009cf70                CUSBDevice::GetConfigurationDescriptor() const
                0x000000000009cfa0                CUSBDevice::GetDescriptor(unsigned char)
                0x000000000009cfd0                CUSBDevice::ConfigurationError(char const*) const
                0x000000000009d000                CUSBDevice::GetFunction(unsigned int)
                0x000000000009d020                CUSBDevice::AppendPortToRouteString(unsigned int, unsigned int)
                0x000000000009d0a0                CUSBDevice::CUSBDevice(CUSBHostController*, TUSBSpeed, CUSBStandardHub*, unsigned int)
                0x000000000009d0a0                CUSBDevice::CUSBDevice(CUSBHostController*, TUSBSpeed, CUSBStandardHub*, unsigned int)
                0x000000000009d220                CUSBDevice::LogWrite(TLogSeverity, char const*, ...)
                0x000000000009d3b0                CUSBDevice::~CUSBDevice()
                0x000000000009d3b0                CUSBDevice::~CUSBDevice()
                0x000000000009d520                CUSBDevice::~CUSBDevice()
                0x000000000009d550                CUSBDevice::Initialize()
 *fill*         0x000000000009dddc        0x4 
 .text          0x000000000009dde0      0xb14 ../../libs/circle/lib/usb/libusb.a(usbdevicefactory.o)
                0x000000000009dde0                CUSBDeviceFactory::GetGenericHIDDevice(CUSBFunction*)
                0x000000000009e040                CUSBDeviceFactory::FindDeviceID(CString*, TUSBDeviceID const*)
                0x000000000009e100                CUSBDeviceFactory::GetDevice(CUSBFunction*, CString*)
 *fill*         0x000000000009e8f4        0xc 
 .text          0x000000000009e900      0x368 ../../libs/circle/lib/usb/libusb.a(usbendpoint.o)
                0x000000000009e900                CUSBEndpoint::CUSBEndpoint(CUSBDevice*)
                0x000000000009e900                CUSBEndpoint::CUSBEndpoint(CUSBDevice*)
                0x000000000009e9a0                CUSBEndpoint::CUSBEndpoint(CUSBDevice*, TUSBEndpointDescriptor const*)
                0x000000000009e9a0                CUSBEndpoint::CUSBEndpoint(CUSBDevice*, TUSBEndpointDescriptor const*)
                0x000000000009eb50                CUSBEndpoint::~CUSBEndpoint()
                0x000000000009eb50                CUSBEndpoint::~CUSBEndpoint()
                0x000000000009eb90                CUSBEndpoint::GetDevice() const
                0x000000000009ebc0                CUSBEndpoint::GetNumber() const
                0x000000000009ebd0                CUSBEndpoint::GetType() const
                0x000000000009ebe0                CUSBEndpoint::IsDirectionIn() const
                0x000000000009ebf0                CUSBEndpoint::SetMaxPacketSize(unsigned int)
                0x000000000009ec20                CUSBEndpoint::GetMaxPacketSize() const
                0x000000000009ec30                CUSBEndpoint::ResetPID()
                0x000000000009ec40                CUSBEndpoint::GetXHCIEndpoint()
 *fill*         0x000000000009ec68        0x8 
 .text          0x000000000009ec70      0x788 ../../libs/circle/lib/usb/libusb.a(usbfunction.o)
                0x000000000009ec70                CUSBFunction::Initialize()
                0x000000000009ec80                CUSBFunction::ReScanDevices()
                0x000000000009ec90                CUSBFunction::~CUSBFunction()
                0x000000000009ec90                CUSBFunction::~CUSBFunction()
                0x000000000009ece0                CUSBFunction::RemoveDevice()
                0x000000000009ed10                CUSBFunction::~CUSBFunction()
                0x000000000009ed70                CUSBFunction::Configure()
                0x000000000009ee50                CUSBFunction::CUSBFunction(CUSBDevice*, CUSBConfigurationParser*)
                0x000000000009ee50                CUSBFunction::CUSBFunction(CUSBDevice*, CUSBConfigurationParser*)
                0x000000000009ef30                CUSBFunction::CUSBFunction(CUSBFunction*)
                0x000000000009ef30                CUSBFunction::CUSBFunction(CUSBFunction*)
                0x000000000009f030                CUSBFunction::GetInterfaceName() const
                0x000000000009f0e0                CUSBFunction::GetNumEndpoints() const
                0x000000000009f110                CUSBFunction::GetDevice() const
                0x000000000009f140                CUSBFunction::GetEndpoint0() const
                0x000000000009f170                CUSBFunction::GetHost() const
                0x000000000009f1a0                CUSBFunction::GetDescriptor(unsigned char)
                0x000000000009f1d0                CUSBFunction::ConfigurationError(char const*) const
                0x000000000009f220                CUSBFunction::SelectInterfaceByClass(unsigned char, unsigned char, unsigned char, unsigned int)
                0x000000000009f310                CUSBFunction::GetInterfaceNumber() const
                0x000000000009f340                CUSBFunction::GetInterfaceClass() const
                0x000000000009f370                CUSBFunction::GetInterfaceSubClass() const
                0x000000000009f3a0                CUSBFunction::GetInterfaceProtocol() const
                0x000000000009f3d0                CUSBFunction::GetInterfaceDescriptor() const
 *fill*         0x000000000009f3f8        0x8 
 .text          0x000000000009f400      0x5c4 ../../libs/circle/lib/usb/libusb.a(usbgamepadps3.o)
                0x000000000009f400                CUSBGamePadPS3Device::~CUSBGamePadPS3Device()
                0x000000000009f400                CUSBGamePadPS3Device::~CUSBGamePadPS3Device()
                0x000000000009f410                CUSBGamePadPS3Device::~CUSBGamePadPS3Device()
                0x000000000009f450                CUSBGamePadPS3Device::SetLEDMode(TGamePadLEDMode)
                0x000000000009f4f0                CUSBGamePadPS3Device::SetRumbleMode(TGamePadRumbleMode)
                0x000000000009f5f0                CUSBGamePadPS3Device::CUSBGamePadPS3Device(CUSBFunction*)
                0x000000000009f5f0                CUSBGamePadPS3Device::CUSBGamePadPS3Device(CUSBFunction*)
                0x000000000009f670                CUSBGamePadPS3Device::PS3Enable()
                0x000000000009f730                CUSBGamePadPS3Device::Configure()
                0x000000000009f860                CUSBGamePadPS3Device::DecodeReport(unsigned char const*)
 *fill*         0x000000000009f9c4        0xc 
 .text._ZN17CUSBGamePadDevice10SetLEDModeEjhh
                0x000000000009f9d0        0x8 ../../libs/circle/lib/usb/libusb.a(usbgamepadps3.o)
                0x000000000009f9d0                CUSBGamePadDevice::SetLEDMode(unsigned int, unsigned char, unsigned char)
 *fill*         0x000000000009f9d8        0x8 
 .text._ZN20CUSBGamePadPS3Device13GetPropertiesEv
                0x000000000009f9e0        0x8 ../../libs/circle/lib/usb/libusb.a(usbgamepadps3.o)
                0x000000000009f9e0                CUSBGamePadPS3Device::GetProperties()
 *fill*         0x000000000009f9e8        0x8 
 .text          0x000000000009f9f0      0xb14 ../../libs/circle/lib/usb/libusb.a(usbgamepadps4.o)
                0x000000000009f9f0                CUSBGamePadPS4Device::DecodeReport(unsigned char const*)
                0x000000000009fbb0                CUSBGamePadPS4Device::~CUSBGamePadPS4Device()
                0x000000000009fbb0                CUSBGamePadPS4Device::~CUSBGamePadPS4Device()
                0x000000000009fc00                CUSBGamePadPS4Device::~CUSBGamePadPS4Device()
                0x000000000009fc60                CUSBGamePadPS4Device::SetLEDMode(unsigned int, unsigned char, unsigned char)
                0x000000000009fd50                CUSBGamePadPS4Device::SetRumbleMode(TGamePadRumbleMode)
                0x000000000009fe60                CUSBGamePadPS4Device::SetLEDMode(TGamePadLEDMode)
                0x00000000000a0030                CUSBGamePadPS4Device::CUSBGamePadPS4Device(CUSBFunction*)
                0x00000000000a0030                CUSBGamePadPS4Device::CUSBGamePadPS4Device(CUSBFunction*)
                0x00000000000a00a0                CUSBGamePadPS4Device::HandleTouchpad(unsigned char const*)
                0x00000000000a0250                CUSBGamePadPS4Device::ReportHandler(unsigned char const*, unsigned int)
                0x00000000000a02c0                CUSBGamePadPS4Device::SendLedRumbleCommand()
                0x00000000000a0380                CUSBGamePadPS4Device::DisableTouchpad()
                0x00000000000a0390                CUSBGamePadPS4Device::Configure()
 *fill*         0x00000000000a0504        0xc 
 .text._ZN20CUSBGamePadPS4Device13GetPropertiesEv
                0x00000000000a0510        0x8 ../../libs/circle/lib/usb/libusb.a(usbgamepadps4.o)
                0x00000000000a0510                CUSBGamePadPS4Device::GetProperties()
 *fill*         0x00000000000a0518        0x8 
 .text          0x00000000000a0520      0x8b4 ../../libs/circle/lib/usb/libusb.a(usbgamepadstandard.o)
                0x00000000000a0520                CUSBGamePadStandardDevice::~CUSBGamePadStandardDevice()
                0x00000000000a0520                CUSBGamePadStandardDevice::~CUSBGamePadStandardDevice()
                0x00000000000a0560                CUSBGamePadStandardDevice::~CUSBGamePadStandardDevice()
                0x00000000000a05b0                CUSBGamePadStandardDevice::CUSBGamePadStandardDevice(CUSBFunction*, bool)
                0x00000000000a05b0                CUSBGamePadStandardDevice::CUSBGamePadStandardDevice(CUSBFunction*, bool)
                0x00000000000a05f0                CUSBGamePadStandardDevice::BitGetUnsigned(void const*, unsigned int, unsigned int)
                0x00000000000a06a0                CUSBGamePadStandardDevice::BitGetSigned(void const*, unsigned int, unsigned int)
                0x00000000000a0790                CUSBGamePadStandardDevice::DecodeReport(unsigned char const*)
                0x00000000000a0c10                CUSBGamePadStandardDevice::Configure()
 *fill*         0x00000000000a0dd4        0xc 
 .text._ZN17CUSBGamePadDevice13GetPropertiesEv
                0x00000000000a0de0        0x8 ../../libs/circle/lib/usb/libusb.a(usbgamepadstandard.o)
                0x00000000000a0de0                CUSBGamePadDevice::GetProperties()
 *fill*         0x00000000000a0de8        0x8 
 .text._ZN17CUSBGamePadDevice10SetLEDModeE15TGamePadLEDMode
                0x00000000000a0df0        0x8 ../../libs/circle/lib/usb/libusb.a(usbgamepadstandard.o)
                0x00000000000a0df0                CUSBGamePadDevice::SetLEDMode(TGamePadLEDMode)
 *fill*         0x00000000000a0df8        0x8 
 .text._ZN17CUSBGamePadDevice13SetRumbleModeE18TGamePadRumbleMode
                0x00000000000a0e00        0x8 ../../libs/circle/lib/usb/libusb.a(usbgamepadstandard.o)
                0x00000000000a0e00                CUSBGamePadDevice::SetRumbleMode(TGamePadRumbleMode)
 *fill*         0x00000000000a0e08        0x8 
 .text          0x00000000000a0e10      0x744 ../../libs/circle/lib/usb/libusb.a(usbgamepadswitchpro.o)
                0x00000000000a0e10                CUSBGamePadSwitchProDevice::~CUSBGamePadSwitchProDevice()
                0x00000000000a0e10                CUSBGamePadSwitchProDevice::~CUSBGamePadSwitchProDevice()
                0x00000000000a0e20                CUSBGamePadSwitchProDevice::~CUSBGamePadSwitchProDevice()
                0x00000000000a0e60                CUSBGamePadSwitchProDevice::SetRumbleMode(TGamePadRumbleMode)
                0x00000000000a0f30                CUSBGamePadSwitchProDevice::DecodeReport(unsigned char const*)
                0x00000000000a1140                CUSBGamePadSwitchProDevice::SetLEDMode(TGamePadLEDMode)
                0x00000000000a1210                CUSBGamePadSwitchProDevice::CUSBGamePadSwitchProDevice(CUSBFunction*)
                0x00000000000a1210                CUSBGamePadSwitchProDevice::CUSBGamePadSwitchProDevice(CUSBFunction*)
                0x00000000000a1280                CUSBGamePadSwitchProDevice::Configure()
 *fill*         0x00000000000a1554        0xc 
 .text._ZN26CUSBGamePadSwitchProDevice13GetPropertiesEv
                0x00000000000a1560        0x8 ../../libs/circle/lib/usb/libusb.a(usbgamepadswitchpro.o)
                0x00000000000a1560                CUSBGamePadSwitchProDevice::GetProperties()
 *fill*         0x00000000000a1568        0x8 
 .text          0x00000000000a1570      0x468 ../../libs/circle/lib/usb/libusb.a(usbgamepadxbox360.o)
                0x00000000000a1570                CUSBGamePadXbox360Device::~CUSBGamePadXbox360Device()
                0x00000000000a1570                CUSBGamePadXbox360Device::~CUSBGamePadXbox360Device()
                0x00000000000a1580                CUSBGamePadXbox360Device::~CUSBGamePadXbox360Device()
                0x00000000000a15c0                CUSBGamePadXbox360Device::DecodeReport(unsigned char const*)
                0x00000000000a1710                CUSBGamePadXbox360Device::SetLEDMode(TGamePadLEDMode)
                0x00000000000a1770                CUSBGamePadXbox360Device::ReportHandler(unsigned char const*, unsigned int)
                0x00000000000a17f0                CUSBGamePadXbox360Device::SetRumbleMode(TGamePadRumbleMode)
                0x00000000000a1890                CUSBGamePadXbox360Device::CUSBGamePadXbox360Device(CUSBFunction*)
                0x00000000000a1890                CUSBGamePadXbox360Device::CUSBGamePadXbox360Device(CUSBFunction*)
                0x00000000000a18c0                CUSBGamePadXbox360Device::Configure()
 *fill*         0x00000000000a19d8        0x8 
 .text._ZN24CUSBGamePadXbox360Device13GetPropertiesEv
                0x00000000000a19e0        0x8 ../../libs/circle/lib/usb/libusb.a(usbgamepadxbox360.o)
                0x00000000000a19e0                CUSBGamePadXbox360Device::GetProperties()
 *fill*         0x00000000000a19e8        0x8 
 .text          0x00000000000a19f0      0x4e8 ../../libs/circle/lib/usb/libusb.a(usbgamepadxboxone.o)
                0x00000000000a19f0                CUSBGamePadXboxOneDevice::DecodeReport(unsigned char const*)
                0x00000000000a1ba0                CUSBGamePadXboxOneDevice::~CUSBGamePadXboxOneDevice()
                0x00000000000a1ba0                CUSBGamePadXboxOneDevice::~CUSBGamePadXboxOneDevice()
                0x00000000000a1bb0                CUSBGamePadXboxOneDevice::~CUSBGamePadXboxOneDevice()
                0x00000000000a1bf0                CUSBGamePadXboxOneDevice::ReportHandler(unsigned char const*, unsigned int)
                0x00000000000a1cf0                CUSBGamePadXboxOneDevice::SetRumbleMode(TGamePadRumbleMode)
                0x00000000000a1db0                CUSBGamePadXboxOneDevice::CUSBGamePadXboxOneDevice(CUSBFunction*)
                0x00000000000a1db0                CUSBGamePadXboxOneDevice::CUSBGamePadXboxOneDevice(CUSBFunction*)
                0x00000000000a1de0                CUSBGamePadXboxOneDevice::Configure()
 *fill*         0x00000000000a1ed8        0x8 
 .text._ZN24CUSBGamePadXboxOneDevice13GetPropertiesEv
                0x00000000000a1ee0        0x8 ../../libs/circle/lib/usb/libusb.a(usbgamepadxboxone.o)
                0x00000000000a1ee0                CUSBGamePadXboxOneDevice::GetProperties()
 *fill*         0x00000000000a1ee8        0x8 
 .text          0x00000000000a1ef0      0x89c ../../libs/circle/lib/usb/libusb.a(usbhiddevice.o)
                0x00000000000a1ef0                CUSBHIDDevice::SendCompletionRoutine(CUSBRequest*, void*, void*)
                0x00000000000a1f80                CUSBHIDDevice::CUSBHIDDevice(CUSBFunction*, unsigned int)
                0x00000000000a1f80                CUSBHIDDevice::CUSBHIDDevice(CUSBFunction*, unsigned int)
                0x00000000000a1ff0                CUSBHIDDevice::~CUSBHIDDevice()
                0x00000000000a1ff0                CUSBHIDDevice::~CUSBHIDDevice()
                0x00000000000a2070                CUSBHIDDevice::~CUSBHIDDevice()
                0x00000000000a20a0                CUSBHIDDevice::ConfigureHID(unsigned int)
                0x00000000000a2310                CUSBHIDDevice::SendToEndpointOut(void const*, unsigned int, unsigned int)
                0x00000000000a23a0                CUSBHIDDevice::SendToEndpointOutAsync(void const*, unsigned int, unsigned int)
                0x00000000000a24b0                CUSBHIDDevice::ReceiveFromEndpointIn(void*, unsigned int, unsigned int)
                0x00000000000a2540                CUSBHIDDevice::StartRequest()
                0x00000000000a2620                CUSBHIDDevice::CompletionRoutine(CUSBRequest*)
                0x00000000000a2760                CUSBHIDDevice::CompletionStub(CUSBRequest*, void*, void*)
 *fill*         0x00000000000a278c        0x4 
 .text          0x00000000000a2790      0x620 ../../libs/circle/lib/usb/libusb.a(usbkeyboard.o)
                0x00000000000a27a0                CUSBKeyboardDevice::~CUSBKeyboardDevice()
                0x00000000000a27a0                CUSBKeyboardDevice::~CUSBKeyboardDevice()
                0x00000000000a2820                CUSBKeyboardDevice::~CUSBKeyboardDevice()
                0x00000000000a2850                CUSBKeyboardDevice::ReportHandler(unsigned char const*, unsigned int)
                0x00000000000a2a10                CUSBKeyboardDevice::CUSBKeyboardDevice(CUSBFunction*)
                0x00000000000a2a10                CUSBKeyboardDevice::CUSBKeyboardDevice(CUSBFunction*)
                0x00000000000a2aa0                CUSBKeyboardDevice::RegisterKeyPressedHandler(void (*)(char const*))
                0x00000000000a2ab0                CUSBKeyboardDevice::RegisterSelectConsoleHandler(void (*)(unsigned int))
                0x00000000000a2ac0                CUSBKeyboardDevice::RegisterShutdownHandler(void (*)())
                0x00000000000a2ad0                CUSBKeyboardDevice::GetLEDStatus() const
                0x00000000000a2af0                CUSBKeyboardDevice::RegisterKeyStatusHandlerRaw(void (*)(unsigned char, unsigned char const*, void*), bool, void*)
                0x00000000000a2b30                CUSBKeyboardDevice::RegisterKeyStatusHandlerRaw(void (*)(unsigned char, unsigned char const*), bool)
                0x00000000000a2b50                CUSBKeyboardDevice::UnregisterKeyStatusHandlerRaw()
                0x00000000000a2b60                CUSBKeyboardDevice::SetLEDs(unsigned char)
                0x00000000000a2bf0                CUSBKeyboardDevice::Configure()
                0x00000000000a2d00                CUSBKeyboardDevice::UpdateLEDs()
                0x00000000000a2d80                CUSBKeyboardDevice::FindByte(unsigned char const*, unsigned char, unsigned int)
 .text.startup  0x00000000000a2db0       0x44 ../../libs/circle/lib/usb/libusb.a(usbkeyboard.o)
 *fill*         0x00000000000a2df4        0xc 
 .text          0x00000000000a2e00      0xf30 ../../libs/circle/lib/usb/libusb.a(usbmassdevice.o)
                0x00000000000a2e00                CUSBBulkOnlyMassStorageDevice::Seek(unsigned long)
                0x00000000000a2e10                CUSBBulkOnlyMassStorageDevice::~CUSBBulkOnlyMassStorageDevice()
                0x00000000000a2e10                CUSBBulkOnlyMassStorageDevice::~CUSBBulkOnlyMassStorageDevice()
                0x00000000000a2ee0                CUSBBulkOnlyMassStorageDevice::~CUSBBulkOnlyMassStorageDevice()
                0x00000000000a2f10                CUSBBulkOnlyMassStorageDevice::GetSize() const
                0x00000000000a2f70                CUSBBulkOnlyMassStorageDevice::CUSBBulkOnlyMassStorageDevice(CUSBFunction*)
                0x00000000000a2f70                CUSBBulkOnlyMassStorageDevice::CUSBBulkOnlyMassStorageDevice(CUSBFunction*)
                0x00000000000a2fb0                CUSBBulkOnlyMassStorageDevice::GetCapacity() const
                0x00000000000a2fc0                CUSBBulkOnlyMassStorageDevice::Command(void*, unsigned long, void*, unsigned long, bool)
                0x00000000000a33d0                CUSBBulkOnlyMassStorageDevice::TryRead(void*, unsigned long)
                0x00000000000a34c0                CUSBBulkOnlyMassStorageDevice::TryWrite(void const*, unsigned long)
                0x00000000000a35a0                CUSBBulkOnlyMassStorageDevice::Reset()
                0x00000000000a3730                CUSBBulkOnlyMassStorageDevice::Read(void*, unsigned long)
                0x00000000000a37d0                CUSBBulkOnlyMassStorageDevice::Write(void const*, unsigned long)
                0x00000000000a3870                CUSBBulkOnlyMassStorageDevice::Configure()
 .text.startup  0x00000000000a3d30       0x44 ../../libs/circle/lib/usb/libusb.a(usbmassdevice.o)
 *fill*         0x00000000000a3d74        0xc 
 .text          0x00000000000a3d80      0x84c ../../libs/circle/lib/usb/libusb.a(usbmidihost.o)
                0x00000000000a3d80                CUSBMIDIHostDevice::~CUSBMIDIHostDevice()
                0x00000000000a3d80                CUSBMIDIHostDevice::~CUSBMIDIHostDevice()
                0x00000000000a3e30                CUSBMIDIHostDevice::~CUSBMIDIHostDevice()
                0x00000000000a3e60                CUSBMIDIHostDevice::SendEventsHandler(unsigned char const*, unsigned int, void*)
                0x00000000000a3f50                CUSBMIDIHostDevice::CUSBMIDIHostDevice(CUSBFunction*)
                0x00000000000a3f50                CUSBMIDIHostDevice::CUSBMIDIHostDevice(CUSBFunction*)
                0x00000000000a3f90                CUSBMIDIHostDevice::StartRequest()
                0x00000000000a4080                CUSBMIDIHostDevice::TimerStub(unsigned long, void*, void*)
                0x00000000000a40d0                CUSBMIDIHostDevice::CompletionRoutine(CUSBRequest*)
                0x00000000000a42d0                CUSBMIDIHostDevice::CompletionStub(CUSBRequest*, void*, void*)
                0x00000000000a4300                CUSBMIDIHostDevice::TimerHandler(unsigned long)
                0x00000000000a4330                CUSBMIDIHostDevice::Configure()
 *fill*         0x00000000000a45cc        0x4 
 .text          0x00000000000a45d0      0x7ec ../../libs/circle/lib/usb/libusb.a(usbmouse.o)
                0x00000000000a45d0                CUSBMouseDevice::~CUSBMouseDevice()
                0x00000000000a45d0                CUSBMouseDevice::~CUSBMouseDevice()
                0x00000000000a4630                CUSBMouseDevice::~CUSBMouseDevice()
                0x00000000000a4660                CUSBMouseDevice::CUSBMouseDevice(CUSBFunction*)
                0x00000000000a4660                CUSBMouseDevice::CUSBMouseDevice(CUSBFunction*)
                0x00000000000a46a0                CUSBMouseDevice::ExtractUnsigned(void const*, unsigned int, unsigned int)
                0x00000000000a4750                CUSBMouseDevice::ExtractSigned(void const*, unsigned int, unsigned int)
                0x00000000000a4840                CUSBMouseDevice::ReportHandler(unsigned char const*, unsigned int)
                0x00000000000a4920                CUSBMouseDevice::DecodeReport()
                0x00000000000a4c20                CUSBMouseDevice::Configure()
 *fill*         0x00000000000a4dbc        0x4 
 .text          0x00000000000a4dc0      0x3e4 ../../libs/circle/lib/usb/libusb.a(usbprinter.o)
                0x00000000000a4dc0                CUSBPrinterDevice::~CUSBPrinterDevice()
                0x00000000000a4dc0                CUSBPrinterDevice::~CUSBPrinterDevice()
                0x00000000000a4e60                CUSBPrinterDevice::~CUSBPrinterDevice()
                0x00000000000a4e90                CUSBPrinterDevice::Write(void const*, unsigned long)
                0x00000000000a4f30                CUSBPrinterDevice::CUSBPrinterDevice(CUSBFunction*)
                0x00000000000a4f30                CUSBPrinterDevice::CUSBPrinterDevice(CUSBFunction*)
                0x00000000000a4f70                CUSBPrinterDevice::Configure()
 *fill*         0x00000000000a51a4        0xc 
 .text.startup  0x00000000000a51b0       0x44 ../../libs/circle/lib/usb/libusb.a(usbprinter.o)
 *fill*         0x00000000000a51f4        0xc 
 .text          0x00000000000a5200      0x594 ../../libs/circle/lib/usb/libusb.a(usbstring.o)
                0x00000000000a5200                CUSBString::CUSBString(CUSBDevice*)
                0x00000000000a5200                CUSBString::CUSBString(CUSBDevice*)
                0x00000000000a5270                CUSBString::CUSBString(CUSBString*)
                0x00000000000a5270                CUSBString::CUSBString(CUSBString*)
                0x00000000000a5340                CUSBString::~CUSBString()
                0x00000000000a5340                CUSBString::~CUSBString()
                0x00000000000a5390                CUSBString::GetFromDescriptor(unsigned char, unsigned short)
                0x00000000000a55e0                CUSBString::Get() const
                0x00000000000a55f0                CUSBString::GetLanguageID()
 *fill*         0x00000000000a5794        0xc 
 .text          0x00000000000a57a0      0x57c ../../libs/circle/lib/usb/libusb.a(usbserialch341.o)
                0x00000000000a57a0                CUSBSerialCH341Device::~CUSBSerialCH341Device()
                0x00000000000a57a0                CUSBSerialCH341Device::~CUSBSerialCH341Device()
                0x00000000000a57b0                CUSBSerialCH341Device::~CUSBSerialCH341Device()
                0x00000000000a57f0                CUSBSerialCH341Device::SetBaudRate(unsigned int)
                0x00000000000a5910                CUSBSerialCH341Device::CUSBSerialCH341Device(CUSBFunction*)
                0x00000000000a5910                CUSBSerialCH341Device::CUSBSerialCH341Device(CUSBFunction*)
                0x00000000000a5940                CUSBSerialCH341Device::GetDeviceIDTable()
                0x00000000000a5950                CUSBSerialCH341Device::Configure()
                0x00000000000a5af0                CUSBSerialCH341Device::SetLineProperties(TUSBSerialDataBits, TUSBSerialParity, TUSBSerialStopBits)
 *fill*         0x00000000000a5d1c        0x4 
 .text          0x00000000000a5d20      0x62c ../../libs/circle/lib/usb/libusb.a(usbserialcp210x.o)
                0x00000000000a5d20                CUSBSerialCP210xDevice::~CUSBSerialCP210xDevice()
                0x00000000000a5d20                CUSBSerialCP210xDevice::~CUSBSerialCP210xDevice()
                0x00000000000a5d30                CUSBSerialCP210xDevice::~CUSBSerialCP210xDevice()
                0x00000000000a5d70                CUSBSerialCP210xDevice::SetBaudRate(unsigned int)
                0x00000000000a5e90                CUSBSerialCP210xDevice::CUSBSerialCP210xDevice(CUSBFunction*)
                0x00000000000a5e90                CUSBSerialCP210xDevice::CUSBSerialCP210xDevice(CUSBFunction*)
                0x00000000000a5ed0                CUSBSerialCP210xDevice::GetDeviceIDTable()
                0x00000000000a5ee0                CUSBSerialCP210xDevice::Configure()
                0x00000000000a60d0                CUSBSerialCP210xDevice::SetLineProperties(TUSBSerialDataBits, TUSBSerialParity, TUSBSerialStopBits)
 *fill*         0x00000000000a634c        0x4 
 .text          0x00000000000a6350      0x8d4 ../../libs/circle/lib/usb/libusb.a(usbserialpl2303.o)
                0x00000000000a6350                CUSBSerialPL2303Device::~CUSBSerialPL2303Device()
                0x00000000000a6350                CUSBSerialPL2303Device::~CUSBSerialPL2303Device()
                0x00000000000a6360                CUSBSerialPL2303Device::~CUSBSerialPL2303Device()
                0x00000000000a63a0                CUSBSerialPL2303Device::SetBaudRate(unsigned int)
                0x00000000000a64d0                CUSBSerialPL2303Device::CUSBSerialPL2303Device(CUSBFunction*)
                0x00000000000a64d0                CUSBSerialPL2303Device::CUSBSerialPL2303Device(CUSBFunction*)
                0x00000000000a6500                CUSBSerialPL2303Device::GetDeviceIDTable()
                0x00000000000a6510                CUSBSerialPL2303Device::Configure()
                0x00000000000a69a0                CUSBSerialPL2303Device::SetLineProperties(TUSBSerialDataBits, TUSBSerialParity, TUSBSerialStopBits)
 *fill*         0x00000000000a6c24        0xc 
 .text          0x00000000000a6c30      0x620 ../../libs/circle/lib/usb/libusb.a(usbserialft231x.o)
                0x00000000000a6c30                CUSBSerialFT231XDevice::~CUSBSerialFT231XDevice()
                0x00000000000a6c30                CUSBSerialFT231XDevice::~CUSBSerialFT231XDevice()
                0x00000000000a6c40                CUSBSerialFT231XDevice::~CUSBSerialFT231XDevice()
                0x00000000000a6c80                CUSBSerialFT231XDevice::SetBaudRate(unsigned int)
                0x00000000000a6dd0                CUSBSerialFT231XDevice::CUSBSerialFT231XDevice(CUSBFunction*)
                0x00000000000a6dd0                CUSBSerialFT231XDevice::CUSBSerialFT231XDevice(CUSBFunction*)
                0x00000000000a6e00                CUSBSerialFT231XDevice::GetDeviceIDTable()
                0x00000000000a6e10                CUSBSerialFT231XDevice::Configure()
                0x00000000000a7030                CUSBSerialFT231XDevice::SetLineProperties(TUSBSerialDataBits, TUSBSerialParity, TUSBSerialStopBits)
 .text          0x00000000000a7250      0x2dc ../../libs/circle/lib/usb/libusb.a(usbserialcdc.o)
                0x00000000000a7250                CUSBSerialCDCDevice::~CUSBSerialCDCDevice()
                0x00000000000a7250                CUSBSerialCDCDevice::~CUSBSerialCDCDevice()
                0x00000000000a7260                CUSBSerialCDCDevice::~CUSBSerialCDCDevice()
                0x00000000000a72a0                CUSBSerialCDCDevice::CUSBSerialCDCDevice(CUSBFunction*)
                0x00000000000a72a0                CUSBSerialCDCDevice::CUSBSerialCDCDevice(CUSBFunction*)
                0x00000000000a7320                CUSBSerialCDCDevice::SetLineCoding()
                0x00000000000a7420                CUSBSerialCDCDevice::SetBaudRate(unsigned int)
                0x00000000000a7430                CUSBSerialCDCDevice::SetLineProperties(TUSBSerialDataBits, TUSBSerialParity, TUSBSerialStopBits)
                0x00000000000a7440                CUSBSerialCDCDevice::Configure()
 *fill*         0x00000000000a752c        0x4 
 .text          0x00000000000a7530      0xa1c ../../libs/circle/lib/usb/libusb.a(usbtouchscreen.o)
                0x00000000000a7530                CUSBTouchScreenDevice::~CUSBTouchScreenDevice()
                0x00000000000a7530                CUSBTouchScreenDevice::~CUSBTouchScreenDevice()
                0x00000000000a7580                CUSBTouchScreenDevice::~CUSBTouchScreenDevice()
                0x00000000000a75d0                CUSBTouchScreenDevice::CUSBTouchScreenDevice(CUSBFunction*)
                0x00000000000a75d0                CUSBTouchScreenDevice::CUSBTouchScreenDevice(CUSBFunction*)
                0x00000000000a7640                CUSBTouchScreenDevice::DecodeReportDescriptor(unsigned char const*, unsigned int)
                0x00000000000a79f0                CUSBTouchScreenDevice::Configure()
                0x00000000000a7bb0                CUSBTouchScreenDevice::GetValue(void const*, CUSBTouchScreenDevice::TReportItem const&, unsigned int)
                0x00000000000a7c70                CUSBTouchScreenDevice::ReportHandler(unsigned char const*, unsigned int)
 *fill*         0x00000000000a7f4c        0x4 
 .text          0x00000000000a7f50      0x76c ../../libs/circle/lib/usb/libusb.a(xhcicommandmanager.o)
                0x00000000000a7f50                CXHCICommandManager::CXHCICommandManager(CXHCIDevice*)
                0x00000000000a7f50                CXHCICommandManager::CXHCICommandManager(CXHCIDevice*)
                0x00000000000a8020                CXHCICommandManager::~CXHCICommandManager()
                0x00000000000a8020                CXHCICommandManager::~CXHCICommandManager()
                0x00000000000a8060                CXHCICommandManager::IsValid()
                0x00000000000a8070                CXHCICommandManager::DumpStatus()
                0x00000000000a80f0                CXHCICommandManager::DoCommand(unsigned int, unsigned int, unsigned int, unsigned int, unsigned char*)
                0x00000000000a82a0                CXHCICommandManager::EnableSlot(unsigned char*)
                0x00000000000a8320                CXHCICommandManager::DisableSlot(unsigned char)
                0x00000000000a8370                CXHCICommandManager::AddressDevice(unsigned char, TXHCIInputContext*, bool)
                0x00000000000a8400                CXHCICommandManager::ConfigureEndpoint(unsigned char, TXHCIInputContext*, bool)
                0x00000000000a8490                CXHCICommandManager::EvaluateContext(unsigned char, TXHCIInputContext*)
                0x00000000000a8510                CXHCICommandManager::ResetEndpoint(unsigned char, unsigned char)
                0x00000000000a8590                CXHCICommandManager::SetTRDequeuePointer(unsigned char, unsigned char, TXHCITRB*, bool)
                0x00000000000a8640                CXHCICommandManager::NoOp()
                0x00000000000a8660                CXHCICommandManager::CommandCompleted(TXHCITRB*, unsigned char, unsigned char)
 *fill*         0x00000000000a86bc        0x4 
 .text          0x00000000000a86c0      0x544 ../../libs/circle/lib/usb/libusb.a(usbaudiocontrol.o)
                0x00000000000a86c0                CUSBAudioControlDevice::~CUSBAudioControlDevice()
                0x00000000000a86c0                CUSBAudioControlDevice::~CUSBAudioControlDevice()
                0x00000000000a8740                CUSBAudioControlDevice::~CUSBAudioControlDevice()
                0x00000000000a8770                CUSBAudioControlDevice::CUSBAudioControlDevice(CUSBFunction*)
                0x00000000000a8770                CUSBAudioControlDevice::CUSBAudioControlDevice(CUSBFunction*)
                0x00000000000a87d0                CUSBAudioControlDevice::GetDeviceNumber() const
                0x00000000000a8800                CUSBAudioControlDevice::GetNextStreamingSubDeviceNumber()
                0x00000000000a8820                CUSBAudioControlDevice::GetTerminalType(unsigned char, bool) const
                0x00000000000a8880                CUSBAudioControlDevice::GetClockSourceID(unsigned char) const
                0x00000000000a8900                CUSBAudioControlDevice::GetSelectorUnitID(unsigned char) const
                0x00000000000a8960                CUSBAudioControlDevice::GetNumSources(unsigned char) const
                0x00000000000a8990                CUSBAudioControlDevice::GetSourceID(unsigned char, unsigned int) const
                0x00000000000a89d0                CUSBAudioControlDevice::GetFeatureUnitID(unsigned char, bool) const
                0x00000000000a8a50                CUSBAudioControlDevice::GetClockSelectorID(unsigned int)
                0x00000000000a8a80                CUSBAudioControlDevice::IsControlSupported(unsigned char, unsigned int, CUSBAudioFeatureUnit::TControl) const
                0x00000000000a8af0                CUSBAudioControlDevice::Configure()
 *fill*         0x00000000000a8c04        0xc 
 .text.startup  0x00000000000a8c10       0x44 ../../libs/circle/lib/usb/libusb.a(usbaudiocontrol.o)
 *fill*         0x00000000000a8c54        0xc 
 .text          0x00000000000a8c60     0x1f28 ../../libs/circle/lib/usb/libusb.a(usbaudiostreaming.o)
                0x00000000000a8c60                CUSBAudioStreamingDevice::CompletionHandler(CUSBRequest*, void*, void*)
                0x00000000000a8d10                CUSBAudioStreamingDevice::SyncCompletionHandler(CUSBRequest*, void*, void*)
                0x00000000000a90e0                CUSBAudioStreamingDevice::CUSBAudioStreamingDevice(CUSBFunction*)
                0x00000000000a90e0                CUSBAudioStreamingDevice::CUSBAudioStreamingDevice(CUSBFunction*)
                0x00000000000a91c0                CUSBAudioStreamingDevice::GetDeviceInfo() const
                0x00000000000a91e0                CUSBAudioStreamingDevice::GetChunkSizeBytes() const
                0x00000000000a9210                CUSBAudioStreamingDevice::SelectInputTerminal(unsigned int)
                0x00000000000a9340                CUSBAudioStreamingDevice::SetMute(bool)
                0x00000000000a9420                CUSBAudioStreamingDevice::SetVolume(unsigned int, int)
                0x00000000000a95c0                CUSBAudioStreamingDevice::InitTerminalControlInfo(CUSBAudioControlDevice*)
                0x00000000000a9610                CUSBAudioStreamingDevice::UpdateChunkSize()
                0x00000000000a9740                CUSBAudioStreamingDevice::Setup(unsigned int)
                0x00000000000a99b0                CUSBAudioStreamingDevice::SendChunk(void const*, unsigned int, void (*)(unsigned int, void*), void*)
                0x00000000000a9c00                CUSBAudioStreamingDevice::ReceiveChunk(void*, unsigned int, void (*)(unsigned int, void*), void*)
                0x00000000000a9d90                CUSBAudioStreamingDevice::~CUSBAudioStreamingDevice()
                0x00000000000a9d90                CUSBAudioStreamingDevice::~CUSBAudioStreamingDevice()
                0x00000000000a9e40                CUSBAudioStreamingDevice::~CUSBAudioStreamingDevice()
                0x00000000000a9e70                CUSBAudioStreamingDevice::Initialize()
                0x00000000000aa060                CUSBAudioStreamingDevice::Configure()
 *fill*         0x00000000000aab88        0x8 
 .text          0x00000000000aab90     0x138c ../../libs/circle/lib/usb/libusb.a(usbaudiofunctopology.o)
                0x00000000000aab90                CUSBAudioEntity::CUSBAudioEntity(CUSBAudioEntity::TEntityType)
                0x00000000000aab90                CUSBAudioEntity::CUSBAudioEntity(CUSBAudioEntity::TEntityType)
                0x00000000000aabd0                CUSBAudioEntity::GetEntityType() const
                0x00000000000aabe0                CUSBAudioEntity::SetID(unsigned char)
                0x00000000000aac10                CUSBAudioEntity::GetID() const
                0x00000000000aac20                CUSBAudioEntity::SetNumSources(unsigned int)
                0x00000000000aac50                CUSBAudioEntity::SetSourceID(unsigned int, unsigned char)
                0x00000000000aacb0                CUSBAudioEntity::SetSourceID(unsigned char)
                0x00000000000aacf0                CUSBAudioEntity::GetNumSources() const
                0x00000000000aad00                CUSBAudioEntity::GetSourceID(unsigned int) const
                0x00000000000aad40                CUSBAudioEntity::SetNumChannels(unsigned int)
                0x00000000000aad70                CUSBAudioEntity::GetNumChannels() const
                0x00000000000aada0                CUSBAudioTerminal::CUSBAudioTerminal(TUSBAudioControlInterfaceDescriptor const*, bool)
                0x00000000000aada0                CUSBAudioTerminal::CUSBAudioTerminal(TUSBAudioControlInterfaceDescriptor const*, bool)
                0x00000000000aaf60                CUSBAudioTerminal::IsInput() const
                0x00000000000aaf70                CUSBAudioTerminal::GetTerminalType() const
                0x00000000000aaf80                CUSBAudioTerminal::GetClockSourceID() const
                0x00000000000aaf90                CUSBAudioMixerUnit::CUSBAudioMixerUnit(TUSBAudioControlInterfaceDescriptor const*, bool)
                0x00000000000aaf90                CUSBAudioMixerUnit::CUSBAudioMixerUnit(TUSBAudioControlInterfaceDescriptor const*, bool)
                0x00000000000ab130                CUSBAudioSelectorUnit::CUSBAudioSelectorUnit(TUSBAudioControlInterfaceDescriptor const*, bool)
                0x00000000000ab130                CUSBAudioSelectorUnit::CUSBAudioSelectorUnit(TUSBAudioControlInterfaceDescriptor const*, bool)
                0x00000000000ab2a0                CUSBAudioFeatureUnit::CUSBAudioFeatureUnit(TUSBAudioControlInterfaceDescriptor const*, bool)
                0x00000000000ab2a0                CUSBAudioFeatureUnit::CUSBAudioFeatureUnit(TUSBAudioControlInterfaceDescriptor const*, bool)
                0x00000000000ab520                CUSBAudioFeatureUnit::GetControlStatus(unsigned int, CUSBAudioFeatureUnit::TControl) const
                0x00000000000ab590                CUSBAudioClockSource::CUSBAudioClockSource(TUSBAudioControlInterfaceDescriptor const*, bool)
                0x00000000000ab590                CUSBAudioClockSource::CUSBAudioClockSource(TUSBAudioControlInterfaceDescriptor const*, bool)
                0x00000000000ab660                CUSBAudioClockSelector::CUSBAudioClockSelector(TUSBAudioControlInterfaceDescriptor const*, bool)