
(;BS[0]WS[0]GM[1]SZ[19]FF[3]ID[Comp 100 Positions]DT[1995-01-26]US[Martin Mueller]GC[100 positions randomly sampled from computer games]KM[9.9]
(;AB[ia][ja][ka][gb][hb][ib][nb][ob][pb][qb][rb][bc][dc][ec][fc][jc][pc][cd][jd][kd][ae][ce][de][je][ke][le][bf][ff][gf][hf][jf][mf][pf][qf][bg][gg][hg][ig][lg][mg][rg][sg][bh][gh][hh][lh][mh][sh][bi][fi][ji][ki][cj][fj][jj][mj][nj][oj][bk][dk][ek][fk][lk][mk][pk][qk][bl][fl][gl][hl][ml][ql][rl][cm][im][jm][lm][mm][qm][bn][cn][dn][hn][in][jn][on][qn][rn][sn][do][eo][go][oo][po][qo][so][ep][hp][ip][jp][mp][np][pp][qp][fq][gq][iq][jq][kq][lq][mq][nq][qq][rq][gr][mr][nr][fs][gs][ms]AW[la][ma][na][jb][kb][mb][sb][gc][hc][ic][kc][mc][oc][qc][rc][dd][ed][fd][hd][ld][nd][pd][rd][ee][ge][ie][me][pe][qe][se][af][ef][if][kf][lf][of][rf][sf][ag][dg][fg][jg][kg][ng][pg][ah][ch][fh][ih][jh][nh][oh][rh][ai][di][ei][gi][hi][ii][pi][ri][si][aj][dj][ej][ij][kj][pj][rj][ak][gk][hk][kk][nk][ok][rk][al][il][jl][nl][pl][sl][am][km][nm][pm][sm][an][kn][ln][mn][nn][pn][bo][co][ho][io][jo][ko][mo][no][ro][dp][kp][lp][op][rp][sp][dq][eq][oq][pq][sq][br][er][fr][or][qr][rr][sr][es][ns][os];B[rm]BM[1])
(;AB[nc][id][nd][od][qe][cj][qj][rn][qo][ro][cp][qp][eq][pq]AW[nb][ec][mc][oc][pc][cd][md][ch][pm][rm][qn][po][np][jq]CR[me][pd];B[qh]BM[1])
(;AB[fb][mb][nb][fc][hc][lc][hd][ld][cf][if][lf][og][ch][mh][nh][ph][ri][ck][ek][nk][rl][rm][nn][pn][qn][co][go][io][oo][ro][gp][ip][kp][pp][dq][gq][jq][rq][dr][fr][kr][qr][sr][fs]AW[eb][ob][ec][nc][pc][cd][fd][gd][od][qd][ee][pe][gf][qf][ng][pg][rg][oh][qh][oi][pj][qj][rj][pk][rk][ql][pm][gn][hn][in][jn][fo][jo][lo][fp][lp][qp][rp][sp][eq][fq][lq][oq][pq][qq][er][lr]CR[rs][ni][mj][lk][om];B[gb]BM[1])
(;AB[gb][ib][dc][ec][ic][kc][lc][cd][gd][id][ce][he][je][ke][cg][eg][eh][oh][ph][ci][ei][gi][ii][ki][li][ni][qi][cj][dj][lj][nj][pj][bk][kk][nk][bl][jl][ml][cm][em][hm][jm][bn][dn][gn][in][bo][do][oo][po][dp][ep][fp][hp][ip][op][qp][aq][bq][gq][nq][pq][rq][cr][fr][hr][nr][or][qr][rr][hs][ns][os][qs]AW[jb][kb][lb][mb][pc][nd][qd][de][fe][ge][me][pe][re][lf][qf][gg][ig][jg][mg][og][rg][fh][kh][nh][rh][fi][ri][fj][jj][kj][rj][ck][dk][ek][gk][ik][ok][qk][fl][il][nl][pl][km][mm][om][cn][mn][qn][co][ko][ro][cp][mp][np][sp][cq][dq][eq][iq][jq][lq][sq][br][dr][er][ir][kr][mr][sr][es][js][ms][rs][ss]CR[cs];B[is]BM[1])
(;AB[lc][mc][qc][fd][md][qe][ch][di][ei][qi][ej][dk][ok][cl][ln][on][co][op][dq][pq][nr]AW[fb][cc][jc][oc][hd][ld][nd][le][me][ne][cf][cj][dj][fj][ek][ql][qo][gq][jq][mq][rq]CR[ff];B[ee]BM[1])
(;AB[ec][lc][pc][fd][id][nd][qd][rd][pe][se][nf][rf][og][pg][qg][rh][qi][bl][cl][pm][qm][en][co][op][qp][bq][nq]AW[cc][ce][de][oe][qe][re][of][pf][qf][ph][qh][ci][pi][ri][bk][ck][dk][pk][nl][ql][io][mo][ep][dq][iq][lq]CR[sh];W[qj])
(;AB[lc][mc][oc][qd][og][qg][bi][oi][qi][aj][bj][cj][ak][al][el][gl][hl][ql][am][cm][em][fm][bn][dn][mo][oo][qo][hq][iq][jq][mq][pq]AW[dc][gc][jc][md][ce][ge][ke][cg][bh][fh][jh][ci][dj][fj][ck][dk][ek][ik][bl][fl][gm][en][fn][bo][co][dp][fp][cq][gr][hr][ir]CR[fk]RG[fk];W[fk]TE[1])
(;AB[cc][cd][fd][sg][ph][qh][cj][rj][dp][mp][fq][hq][jq]AW[dc][hc][kc][qc][dd][df][pf][qg][qk][pn][oq][qq]CR[ce];W[fc]BM[1])
(;AB[hb][hd][be][ce][de][fe][bg][cg][dg][qg][nh][cj][qj][cm][dm][qm][hn][qo][ep][mp][eq][gq][jq][pq][fr]AW[ec][gc][hc][ic][jc][pc][bd][cd][dd][md][ae][je][oe][qe][bf][cf][gf][cn][do][eo][cp][dp][dq][dr][er]CR[df];B[ff]BM[1])
(;AB[dc][gc][jc][mc][ce][qj][qk][ql][gm][mo][gp][jp][kp][mp][hq][mq][pq][rq]AW[oc][qd][cg][pg][qg][oh][qh][pi][qi][cj][rj][rk][ko][oo][qo][dp][lp][jq][kq]CR[ip];B[in]BM[1])
(;AB[da][ea][fa][ma][pa][cb][fb][gb][pb][qb][rb][cc][fc][gc][mc][pc][sc][dd][fd][gd][ld][md][nd][od][rd][sd][ce][de][ee][ge][he][ke][le][me][ne][oe][qe][cf][ef][if][kf][lf][nf][pf][qf][rf][bg][ig][jg][kg][og][rg][bh][gh][hh][ih][jh][kh][oh][qh][rh][ji][ki][li][mi][ni][oi][pi][mj][oj][qj][nk][pk][dl][el][ml][nl][ql][rl][sl][nm][om][sm][en][jn][on][pn][bo][co][fo][ho][io][jo][ap][cp][dp][ep][fp][gp][eq][gq][hq][iq][er][es]AW[ga][ha][ia][ja][ka][na][db][eb][hb][lb][mb][ob][dc][hc][jc][lc][nc][oc][hd][id][jd][kd][fe][ie][je][re][df][ff][gf][hf][jf][cg][dg][eg][fg][hg][lg][ng][dh][fh][lh][nh][bi][ci][fi][gi][hi][ii][gj][jj][kj][lj][dk][ek][fk][hk][ik][ok][cl][gl][ll][ol][pl][fm][im][km][pm][qm][rm][an][bn][cn][dn][fn][gn][ln][mn][nn][sn][ao][do][eo][go][ko][oo][qo][ro][hp][ip][jp][kp][np][pp][qp][fq][jq][lq][mq][oq][fr][gr][hr][ir][kr][fs][gs]CR[bq][ah][qn];W[kn]BM[1])
(;AB[da][ea][ra][gb][hb][mb][ob][cc][ic][kc][nc][cd][hd][ce][ee][ge][ne][cf][df][if][lf][fg][jg][ng][hh][lh][bi][ci][di][ji][li][oi][ej][hj][pj][pk][rk][sk][bl][jl][kl][nl][pl][ql][bm][em][fm][km][nm][kn][on][qn][io][jo][ko][mo][qo][ro][so][fp][ip][bq][dq][eq][jq][kq][mq][pq][cr]AW[fa][cb][db][fb][pb][dc][fc][pc][dd][de][pe][cg][dg][qg][eh][nh][oh][fi][mi][qi][bj][cj][fj][kj][lj][mj][qj][rj][ak][dk][fk][gk][jk][qk][cl][fl][hl][il][rl][sl][cm][dm][gm][jm][om][pm][qm][rm][sm][bn][en][fn][gn][hn][in][jn][rn][sn][co][do][fo][go][ho][cp][dp][ep][gp][hp][jp][cq][iq][br][dr][er][gr][ir]CR[bb];B[lr]BM[1])
(;AB[cc][ic][kc][nc][cd][ce][ee][ge][cf][df][bi][ci][di][gl][ql][em][fm][hm][cn][dn][eo][io][jo][ko][qo][fp][ip][bq][dq][eq][jq][kq][pq][cr]AW[fc][pc][dd][de][pe][bj][cj][qj][dk][fk][cl][fl][dm][gm][bn][en][fn][gn][co][fo][go][cp][dp][ep][gp][hp][jp][cq][iq][br][dr][er][gr][ir]CR[qh][qg][hd][ie];B[bm]BM[1])
(;AB[db][cc][bd][cd][fd][fe][bf][fg][sg][ah][bh][fh][nh][ph][qh][ci][ei][cj][rj][sk][sl][dm][qm][rm][sm][sn][co][po][qo][ro][so][dp][mp][pp][qp][fq][hq][jq][rq][sq][sr][ss]AW[bb][cb][eb][dc][fc][hc][kc][oc][qc][dd][gd][md][ae][be][ce][ke][df][pf][bg][cg][qg][ch][eh][lk][ok][qk][rk][pl][pm][pn][qn][rn][oo][op][oq][pq][qq][rr][ps][qs][rs]CR[rg][jk][mn];W[qe]BM[1])
(;AB[nc][id][jd][nd][od][ie][ke][me][oe][qe][jf][mf][nf][of][qf][qg][qh][cj][ej][oj][qj][dm][rn][io][qo][ro][cp][qp][eq][hq][pq]AW[ib][nb][ec][gc][kc][mc][oc][pc][cd][md][pd][he][le][pe][hf][lf][pf][jg][kg][mg][og][pg][ch][nh][pm][rm][qn][po][np][jq]CR[eh][lq][nr][ql][on];B[eo]BM[1])
(;AB[gb][cc][ic][kc][nc][cd][ce][ee][ge][cf][df][lf][bi][ci][di][oi][pj][jl][ql][bm][em][fm][km][kn][io][jo][ko][mo][qo][fp][ip][bq][dq][eq][jq][kq][mq][pq][cr]AW[fc][pc][dd][de][pe][qi][bj][cj][qj][dk][fk][gk][cl][fl][hl][il][cm][dm][gm][jm][bn][en][fn][gn][hn][in][jn][co][do][fo][go][ho][cp][dp][ep][gp][hp][jp][cq][iq][br][dr][er][gr][ir]CR[jk];B[ng])
(;AB[db][cc][bd][cd][fd][jd][kd][ld][rd][fe][je][le][me][oe][re][af][bf][cf][hf][jf][kf][nf][rf][ag][fg][ig][kg][sg][ah][bh][fh][hh][ih][kh][lh][nh][oh][ph][qh][rh][bi][ci][di][ei][hi][ji][ki][qi][cj][ij][nj][oj][pj][rj][dk][nk][sk][dl][el][fl][gl][hl][il][ll][sl][dm][hm][jm][km][lm][qm][rm][sm][an][jn][kn][ln][sn][ao][bo][co][do][lo][po][qo][ro][so][bp][dp][ep][jp][kp][mp][pp][qp][bq][eq][fq][hq][jq][rq][sq][fr][gr][hr][ir][sr][ss]AW[bb][cb][eb][dc][fc][hc][jc][kc][lc][mc][oc][qc][dd][gd][id][md][qd][ae][be][ce][ie][qe][df][if][lf][pf][bg][cg][eg][mg][ng][qg][ch][eh][mh][ai][li][mi][ni][oi][pi][aj][bj][qj][bk][ck][hk][ik][jk][lk][mk][ok][qk][rk][al][bl][cl][jl][ml][ol][pl][am][cm][em][fm][gm][im][mm][pm][bn][cn][dn][en][gn][hn][in][pn][qn][rn][eo][fo][go][io][jo][ko][oo][cp][fp][gp][hp][ip][op][cq][dq][gq][iq][oq][pq][qq][br][cr][er][rr][fs][gs][ps][qs][rs]CR[ar];B[dh]BM[1])
(;AB[dd][de][af][cf][df][ef][ff][jf][kf][nf][ag][bg][dg][kg][ng][qg][ah][dh][kh][lh][mh][oh][ph][ai][pi][ri][aj][bj][cj][dj][ej][gj][hj][kj][lj][rj][ek][gk][hk][lk][ok][cl][fl][il][jl][kl][ll][ml][nl][ol][pl][ql][rl][em][fm][hm][rm][en][fn][gn][hn][in][kn][ln][nn][qn][sn][co][go][io][jo][lp][rp][dq][gq][jq][nq][qq]AW[cb][dc][fc][lc][cd][ed][id][md][od][qd][be][fe][je][ke][le][bf][gf][if][lf][of][qf][rf][cg][eg][gg][jg][mg][og][rg][bh][ch][fh][ih][jh][nh][rh][bi][ci][di][ei][fi][gi][hi][ji][ki][li][mi][ni][oi][qi][fj][ij][jj][mj][oj][pj][qj][sj][fk][ik][jk][kk][mk][nk][pk][qk][rk][sk][sl][im][jm][km][sm][jn]CR[ae];W[bc]BM[1])
(;AB[hn][ko][lo][fp][gp][hp][ip][jp][qp][eq][iq]AW[dn][jn][fo][jo][cp][dp][ep][kp][jq][oq][jr]BS[0]WS[0]CR[kq][lq][mq];B[hr]BM[1])
(;AB[dc][jc][qc][rd][ce][re][dk][oo][lp][mp][np][cq][oq][pr][qr][rr]AW[pc][rc][pd][qd][qh][jj][on][qo][op][pp][jq][mq][nq][qq][rq][lr]CR[nr];B[no])
(;AB[lb][qb][nc][oc][pc][nd][qd][rd][ce][ne][df][ff][jf][lf][lg][ng][kh][bi][ci][ii][ki][ni][oi][ri][cj][ij][jj][pj][qj][rj][dk][hk][qk][hl][ml][nl][ol][ql][sl][im][om][pm][en][hn][jn][kn][nn][on][qn][do][oo][qo][dp][jp][kp][op][pp][rp][dq][eq][fq][gq][lq][mq][pq][dr][gr][nr][or]AW[kb][mb][cc][gc][ic][mc][cd][ed][ld][od][pd][ge][ie][pe][qe][re][qg][lh][ph][rh][li][pi][qi][bj][ej][kj][lj][oj][bk][ik][jk][lk][mk][nk][ok][pk][cl][el][il][jl][kl][ll][pl][rl][jm][km][mm][nm][qm][rm][cn][ln][mn][rn][co][mo][ro][cp][ep][lp][mp][np][cq][nq][oq][er][fr]CR[em][dl];W[lo]BM[1])
(;AB[cc][de][cj][dn][cq][jq]AW[oc][fd][id][qd][pj][pq]CR[qo][po][np][mp][mq][nq];B[dh])
(;AB[da][cb][eb][ob][bc][cc][ec][pc][rc][bd][dd][ed][od][rd][ne][oe][re][nf][pf][qf][rg][dh][ih][rh][di][ri][dj][rj][dk][hk][jk][il][ql][em][hm][jm][en][fn][hn][co][fo][ho][qo][cp][dp][ep][pp][dq][fq][hq][qq][rq][dr][fr][gr][hr][jr][es]AW[ea][fa][fb][nb][hc][jc][nc][cd][ld][nd][be][ce][me][qe][gf][jf][mf][rf][dg][eg][ng][og][pg][qg][ch][gh][ci][oi][qi][cj][qj][ck][ok][jl][kl][dm][im][km][cn][dn][in][do][eo][go][jo][fp][gp][np][gq][jq][lq][oq][pq][er][qr]CR[kr];W[qn]BM[1])
(;AB[gb][ib][dc][ec][ic][kc][lc][cd][gd][id][ce][he][je][ke][cg][eg][eh][oh][ph][ci][ei][gi][ii][ki][li][ni][qi][cj][dj][lj][nj][pj][bk][kk][nk][bl][jl][ml][cm][em][hm][jm][bn][dn][gn][in][ao][bo][do][mo][no][oo][po][qo][ap][dp][ep][fp][hp][ip][kp][lp][op][qp][rp][aq][bq][gq][mq][nq][pq][rq][ar][fr][gr][hr][nr][or][qr][rr][fs][hs][is][ns][os][qs]AW[jb][kb][lb][mb][pc][nd][qd][de][fe][ge][me][pe][re][lf][qf][gg][ig][jg][mg][og][rg][fh][kh][nh][rh][fi][ri][fj][jj][kj][rj][ck][dk][ek][gk][ik][ok][qk][fl][il][nl][pl][im][km][mm][om][cn][mn][pn][qn][sn][co][ko][lo][ro][so][bp][cp][jp][sp][cq][dq][eq][fq][hq][iq][jq][lq][sq][br][dr][er][ir][kr][mr][sr][as][bs][cs][es][js][ms][rs][ss]CR[jn][ji][ll];W[kq]BM[1])
(;AB[da][ea][qa][ra][gb][hb][jb][mb][nb][ob][cc][ic][kc][nc][cd][hd][rd][be][ce][ee][fe][ge][ne][cf][df][ff][if][lf][nf][of][qf][rf][fg][gg][jg][ng][bh][dh][hh][ih][lh][bi][ci][di][hi][ji][li][oi][ej][gj][hj][nj][oj][pj][hk][kk][lk][nk][pk][bl][jl][kl][nl][pl][ql][bm][em][fm][km][lm][mm][nm][kn][mn][on][pn][qn][io][jo][ko][lo][mo][qo][ro][so][fp][ip][kp][mp][bq][dq][eq][jq][kq][lq][mq][pq][cr][jr][kr][lr][js][ks][ls]AW[fa][ga][oa][pa][cb][db][fb][pb][rb][bc][dc][fc][oc][pc][bd][dd][ed][qd][de][oe][pe][qe][bf][ef][pf][sf][bg][cg][dg][eg][og][qg][rg][eh][fh][gh][nh][oh][ph][ai][ei][fi][ii][ki][mi][ni][pi][qi][bj][cj][dj][fj][ij][jj][kj][lj][mj][qj][rj][sj][ak][dk][fk][gk][jk][mk][qk][cl][fl][hl][il][ll][ml][rl][sl][cm][dm][gm][jm][om][pm][qm][rm][sm][bn][en][fn][gn][hn][in][jn][rn][sn][co][do][fo][go][ho][bp][cp][dp][ep][gp][hp][cq][iq][br][dr][er][gr][ir][is]CR[kh];B[kh]TE[1])
(;AB[dc][ce][pq]AW[qd][qo][dp]CR[qm][pm][pl][ql][qk][pk][np][op][mq][oc][od][nc][nd][cn][fq];B[rq]BM[1])
(;AB[dc][jc][qc][rd][ce][re][qj][dk][lk][nk][pk][jm][ln][nn][do][no][oo][lp][mp][np][cq][oq][or][pr][qr][rr]AW[pc][rc][pd][qd][qh][li][ni][jj][oj][ok][gm][on][pn][qo][gp][op][pp][eq][jq][mq][nq][pq][qq][rq][lr][nr]CR[ol];B[nl]BM[1])
(;AB[jf][kf][nf][ng][qg][lh][mh][oh][ph][pi][bj][cj][gj][lj][rj][gk][lk][cl][fl][jl][kl][ml][nl][pl][ql][rl][en][in][nn][qn][co][go][io][lp][dq][gq][jq][nq][qq]AW[fc][lc][cd][id][od][qd][ke][le][gf][of][qf][rf][cg][mg][og][rg][nh][bi][ci][di][fi][gi][ki][li][ni][oi][qi][fj][mj][pj][jk][mk][qk][rk][gl][hl][im][jm][jn]CR[fk];B[ri]BM[1])
(;AB[mb][ob][qb][dc][gc][hc][nc][nd][od][qd][de][dg][gg][hg][ng][qg][ci][hi][pi][qi][bk][ck][dk][ok][el][fl][hl][ol][im][dn][jn][ln][on][co][ko][lo][cp][bq][gq][iq][lq][mq][nq][br][ir][mr][or]AW[lb][jc][kc][mc][oc][hd][id][ld][fe][je][hf][ej][qj][rj][ek][bl][cl][dl][jl][pl][ql][km][lm][mm][om][qm][bn][cn][en][kn][mn][pn][do][go][jo][po][ep][ip][jp][np][cq][dq][jq][oq][pq][cr][jr][pr]CR[kr][ls];W[ns])
(;AB[cb][eb][lb][mb][bc][dc][jc][kc][nc][oc][pc][qc][dd][jd][ld][md][nd][od][qd][rd][ae][be][ce][de][ke][me][re][cf][kf][nf][rf][bg][cg][kg][mg][ng][og][rg][ah][dh][jh][lh][mh][oh][ph][ci][di][fi][gi][hi][ji][ni][aj][cj][ej][fj][jj][kj][lj][mj][nj][qj][ak][ck][hk][ik][al][bl][dl][el][gl][jl][em][hm][im][jm][qm][rm][en][rn][jo][ko][qo][jp][op][qp][rp][bq][cq][jq][oq][pq][qq][jr][pr][hs][is]AW[fb][jb][nb][ob][cc][ec][hc][ic][bd][cd][ed][id][pd][ee][ge][ie][je][ne][oe][pe][qe][df][ef][hf][lf][mf][of][pf][qf][dg][ig][eh][fh][gh][hh][ih][rh][ei][gj][hj][mk][cl][il][kl][ol][am][bm][cm][dm][km][mm][cn][fn][in][jn][kn][pn][qn][eo][ho][lo][po][ro][bp][cp][fp][pp][dq][gq][iq][lq][nq][br][cr][dr][ir][nr][or][ps][rs]BS[0]WS[0]CR[no][nn];W[rj]BM[1])
(;AB[ko][lo][hp][ip][jp][qp][eq][iq]AW[dn][jo][cp][kp][jq][oq][jr]CR[lp]RG[lp]BS[0]WS[0];W[ep]BM[1])
(;AB[ob][pb][fc][hc][lc][nc][fd][le][re][ff][fh][rh][qi][ri][fj][rj][cl][rm][rn][co][jo][qo][gp][mp][dq][jq][pq]AW[jb][qb][ec][pc][rc][dd][jd][pd][rd][ie][pe][qe][df][of][rf][ig][og][pg][qg][rg][dh][oh][qh][pi][cj][ij][pj][qj][sj][dk][pk][rk][ql][qm]CR[fl];B[dl]BM[1])
(;AB[fb][bc][cc][gc][dd][ce][ee][cj][em][fm][gn][bo][go][io][cp][fp][kp][np][dq][fq]AW[bb][cb][dc][ec][nc][ed][jd][qd][ne][pf][qj][fn][co][do][fo][po][gp][iq][qq]BS[0]WS[0]CR[fd][nn];W[eo]BM[2]N[DmGdBe])
(;AB[dc][gc][mc][dd][fd][id][ld][ee][he][bf][df][ef][cg][hg][jg][lg][ch][lh][di][li][dj][dk][lk][pk][qk][fm][hm][km][lm][qm][hn][mn][nn][qn][ko][lo][no][oo][fp][gp][hp][ip][jp][op][qp][eq][iq][nq][pq][hr][nr]AW[cc][oc][cd][qd][be][de][ge][cf][ff][fg][kg][ng][qg][fh][kh][ci][hi][ji][ni][cj][fj][pj][qj][ck][nk][bl][dl][el][fl][hl][il][cm][im][mm][nm][om][dn][jn][pn][fo][jo][mo][cp][dp][ep][kp][lp][np][jq][mq][oq][jr][lr]CR[kf]BS[0]WS[0];B[lf]BM[1])
(;AB[gb][ib][dc][ec][ic][kc][lc][cd][gd][id][ce][he][je][ke][cg][eg][eh][oh][ph][ci][ei][gi][ii][ki][li][ni][qi][cj][dj][lj][nj][pj][bk][kk][nk][bl][jl][ml][cm][em][hm][jm][bn][dn][gn][in][bo][do][oo][po][dp][ep][fp][hp][ip][op][qp][aq][bq][gq][nq][pq][rq][cr][fr][hr][nr][or][qr][rr][os][qs]AW[jb][kb][lb][mb][pc][nd][qd][de][fe][ge][me][pe][re][lf][qf][gg][ig][jg][mg][og][rg][fh][kh][nh][rh][fi][ri][fj][jj][kj][rj][ck][dk][ek][gk][ik][ok][qk][fl][il][nl][pl][km][mm][om][cn][mn][qn][co][ko][ro][cp][mp][np][sp][cq][dq][eq][iq][jq][lq][sq][br][dr][er][ir][kr][mr][sr][es][rs][ss]CR[ar];B[hs]BM[1])
(;AB[ib][jb][kc][lc][mc][oc][hd][kd][nd][qd][ie][je][ne][if][mf][og][qg][lh][bi][ki][oi][qi][aj][bj][cj][ak][gk][al][cl][gl][hl][il][ol][ql][am][bm][cm][jm][bn][cn][dn][do][ho][jo][mo][oo][qo][hq][iq][jq][mq][pq]AW[hb][dc][gc][hc][ic][jc][jd][ld][md][ce][ge][ke][le][me][df][ff][jf][kf][cg][hg][bh][fh][jh][ci][di][hi][ji][dj][fj][mj][bk][ck][dk][ek][fk][ik][jk][bl][dl][fl][ll][dm][gm][mm][en][fn][bo][co][eo][dp][fp][cq][gr][hr][ir]CR[kj][jr];B[gd]BM[1])
(;AB[lb][mb][bc][dc][jc][kc][nc][oc][qc][dd][ld][md][nd][ae][be][ce][de][cf][bg][cg][ah][dh][ci][di][cj][ej][nj][qj][ck][dl][el][qm][rn][jo][qo][qp][rp][jq][pq][qq][jr]AW[jb][nb][ob][ec][hc][ic][bd][cd][ed][ee][df][ef][dg][bh][ch][eh][bi][li][bj][bk][cl][kl][dm][mm][cn][pn][qn][lo][po][ro][pp][dq][gq][lq][ir]BS[0]WS[0]CR[rm][pm][iq][ho];W[mk])
(;AB[gc][oc][qc][dd][hd][de][bf][df][pf][cg][fg][bi][fi][qj][qm][qp][oq]AW[dc][ec][jc][mc][cd][ce][je][di][ej][ok][dl][om][dp][hp][cq][jq][mq]CR[fp][dn][cn];B[fq]BM[1])
(;AB[gb][ib][dc][ec][ic][kc][lc][cd][gd][id][ce][he][ke][cg][eg][eh][oh][ph][ci][ei][gi][ii][ki][li][ni][qi][cj][dj][lj][nj][bk][kk][nk][bl][jl][ml][cm][em][jm][bn][gn][in][bo][oo][po][ep][ip][op][qp][aq][bq][gq][nq][pq][rq][cr][fr][hr][nr][or][rr]AW[jb][kb][lb][mb][pc][nd][qd][de][fe][ge][me][pe][re][qf][gg][ig][jg][mg][og][fh][kh][nh][rh][fi][ri][fj][jj][kj][rj][ck][dk][ek][gk][ik][ok][qk][il][nl][km][mm][om][mn][qn][co][ko][ro][mp][np][sp][cq][dq][eq][iq][jq][lq][sq][br][dr][ir][kr][sr]CR[ar];B[do]BM[1])
(;AB[dc][gc][kc][nc][qc][id][ce][qf][qi][ql]AW[cg][cj][cm][ko][qo][cp][fq][hq][kq][pq]CR[pn][om][ol][nl][nm][eg][kl][fh][gh][gi][hi][hj][ij][ik][jk][jl][gj][fi][eh][fg];B[ge]BM[1])
(;AB[cc][dc][fc][ic][pc][ed][gd][hd][id][pd][pe][ef][pf][eg][pg][eh][ph][qi][ej][pj][dk][ek][ok][cl][cm][om][dn][mn][do][jo][dp][lp][qp][cq][dq][jq][pq][jr][nr][or]AW[bb][ib][jb][bc][gc][hc][kc][nc][qc][cd][qd][be][qe][df][lf][nf][qf][dg][qg][dh][qh][cj][dj][ql][dm][em][cn][fn][hn][qn][co][po][cp][gp][op][hq][oq][er][ir]CR[qb][pb][jf][je][kg][gl][hl][mh][lh][mi][bk];W[ob]BM[1])
(;AB[jc][cd][ed][je][dg][ei][fi][cj][dj][qj][on][po][ep][rp][cq][oq][pq]AW[oc][qd][ej][fj][gj][ck][dk][ql][cm][fm][qn][co][qo][np][jq][nq]CR[ol];W[rk]BM[1])
(;AB[cc][fd][sg][ph][qh][cj][rj][dp][mp][fq][hq][jq]AW[dc][hc][kc][qc][dd][df][pf][qg][qk][pn][oq][qq]CR[db][bd];B[cd]BM[1])
(;AB[gb][gc][dh][ck][dm][pn][cp][hp][ip][jp][kp][eq][fq][gq][lq][mq][oq][qq][fr][mr]AW[ga][fb][hb][dc][jc][mc][pd][ce][qe][ph][qj][ql][hq][iq][jq][kq][gr][lr][gs][ls]CR[ef][ee][fg][gg][fc][hc];B[cg])
(;AB[da][ea][qa][ra][gb][hb][mb][ob][cc][ic][kc][nc][cd][hd][rd][be][ce][ee][ge][ne][cf][df][if][lf][of][rf][fg][jg][ng][hh][lh][bi][ci][di][ji][li][oi][ej][hj][nj][pj][kk][lk][nk][pk][rk][sk][bl][jl][kl][nl][pl][ql][bm][em][fm][km][mm][nm][kn][on][qn][io][jo][ko][mo][qo][ro][so][fp][ip][bq][dq][eq][jq][kq][mq][pq][cr][lr][ls]AW[fa][pa][cb][db][fb][pb][rb][dc][fc][pc][dd][qd][de][pe][bf][bg][cg][dg][qg][rg][eh][nh][oh][ph][ai][fi][mi][qi][bj][cj][fj][jj][kj][lj][mj][qj][rj][ak][dk][fk][gk][jk][mk][qk][cl][fl][hl][il][ll][ml][rl][sl][cm][dm][gm][jm][om][pm][qm][rm][sm][bn][en][fn][gn][hn][in][jn][rn][sn][co][do][fo][go][ho][cp][dp][ep][gp][hp][jp][cq][iq][br][dr][er][gr][ir];B[ks]BM[1])
(;AB[da][ea][ja][na][qa][ra][gb][hb][jb][mb][nb][ob][cc][hc][ic][kc][nc][cd][fd][gd][hd][nd][rd][be][ce][ee][fe][ge][ne][cf][df][ff][if][lf][nf][of][qf][rf][fg][gg][jg][ng][bh][dh][hh][ih][kh][lh][mh][bi][ci][di][hi][li][oi][ej][gj][hj][nj][oj][pj][hk][ik][kk][lk][nk][pk][bl][jl][kl][nl][ol][pl][ql][bm][em][fm][km][lm][mm][nm][kn][mn][on][pn][qn][io][jo][ko][lo][mo][qo][ro][so][fp][ip][kp][mp][bq][dq][eq][jq][kq][lq][mq][pq][cr][jr][kr][lr][js][ks][ls]AW[ca][fa][ga][oa][pa][cb][db][fb][pb][qb][rb][bc][dc][fc][gc][oc][pc][rc][bd][dd][ed][od][qd][de][oe][pe][qe][bf][ef][pf][sf][bg][cg][dg][eg][og][qg][rg][ch][eh][fh][gh][jh][nh][oh][ph][ai][ei][fi][gi][ii][ji][ki][mi][ni][pi][qi][bj][cj][dj][fj][ij][jj][kj][lj][mj][qj][rj][sj][ak][bk][dk][fk][gk][jk][mk][qk][cl][fl][hl][il][ll][ml][rl][sl][cm][dm][gm][jm][om][pm][qm][rm][sm][bn][en][fn][gn][hn][in][jn][rn][sn][co][do][fo][go][ho][bp][cp][dp][ep][gp][hp][cq][iq][br][dr][er][gr][ir][is];B[ib]BM[1])
(;AB[ja][qa][eb][hb][ib][kb][pb][rb][cc][dc][fc][gc][kc][qc][ed][fd][kd][ld][qd][de][fe][je][me][ne][qe][gf][hf][jf][kf][lf][nf][of][pf][eg][hg][ig][jg][hh][ph][qh][fi][ri][fj][hj][oj][qj][ek][ik][nk][ok][qk][rk][el][il][jl][ml][nl][rl][dm][em][fm][im][km][lm][om][qm][dn][gn][hn][pn][do][ho][ko][mo][oo][qp][lq][oq][kr][js]AW[jb][lb][mb][ob][hc][ic][jc][lc][mc][pc][cd][gd][id][jd][md][nd][od][pd][ce][ge][he][ie][oe][pe][if][mf][cg][kg][lg][mg][ng][ih][jh][lh][ci][hi][ni][oi][pi][qi][dj][gj][jj][nj][pj][dk][fk][gk][jk][lk][pk][dl][gl][kl][ol][pl][ql][cm][gm][jm][pm][cn][en][fn][jn][co][go][io][gp][dq][gq][hq][iq][jq][gr][jr][hs][is]CR[gi];W[bl]BM[1])
(;AB[ec][lc][pc][fd][id][qd][rd][pe][se][rf][bl][cl][pm][qm][en][co][op][qp][bq][nq]AW[cc][ce][de][re][qf][qh][ci][bk][ck][dk][pk][nl][ql][io][mo][ep][dq][iq][lq]CR[rg];W[qe]BM[1])
(;AB[db][cc][bd][cd][fd][fe][fg][sg][fh][nh][ph][qh][ei][cj][rj][sk][qm][sm][dp][mp][fq][hq][jq]AW[cb][eb][dc][fc][hc][kc][qc][dd][gd][ce][ke][df][pf][qg][ch][eh][ok][qk][rk][pm][pn][oq][qq]CR[bb];B[bf]BM[1])
(;AB[fb][mb][nb][fc][hc][lc][hd][ld][cf][if][lf][og][ch][mh][ph][ri][ck][ek][nk][rl][rm][nn][pn][qn][co][go][io][oo][ro][ip][dq][gq][jq][sr]AW[eb][ob][ec][nc][pc][cd][fd][gd][od][qd][ee][pe][gf][qf][ng][pg][rg][oh][qh][oi][pj][qj][rj][pk][rk][ql][pm][gn][hn][in][jn][fo][jo][lo][qp][lq][oq];B[nh]BM[1])
(;AB[dc][fc][jc][lc][pc][ce][de][le][re][hf][jf][mf][pf][qf][bg][lh][cj][mj][nj][oj][ek][mk][pk][qk][gl][hl][ql][cm][im][jm][lm][mm][qm][hn][qn][eo][qo][ep][np][fq][gq][jq][lq][nq]AW[hc][oc][qc][fd][hd][nd][pd][rd][ee][pe][qe][of][dg][nh][oh][rh][ei][gi][ii][pi][pj][rj][hk][kk][nk][ok][il][jl][pl][km][pm][ln][nn][pn][co][jo][mo][dp][lp][op][rp][dq][eq][oq][pq];B[rg]BM[1])
(;AB[ha][bb][db][hb][cc][ec][hc][dd][ed][hd][be][ce][ee][fe][ge][he][me][cf][bg][cg][dg][hg][lg][mg][kh][ai][hi][lm][nm][pm][on][bo][co][go][io][no][po][dp][ep][fp][gp][np][pp][qp][cq][jq][mq][pq][qq][cr][dr][er][jr][nr][pr][rr][ms]AW[fb][ib][bc][fc][ic][kc][mc][qc][bd][cd][fd][id][od][de][ke][pe][df][ef][ff][eg][ng][pg][dh][ci][fi][ni][qj][ck][fk][mk][ok][jl][em][gm][rm][bn][cn][ln][pn][qn][oo][ro][op][dq][eq][fq][hq][oq][fr][ir][or][qr][ns][os][ps][qs]CR[km];W[kk]BM[1])
(;AB[cc][kc][lc][kd][de][ke][me][if][kf][mf][hg][lg][dh][lh][mh][mi][si][cj][sj][jk][kk][lk][rk][sk][ml][ol][ql][rm][dn][cq][jq][mq][or]AW[mc][oc][fd][id][ld][md][qd][le][lf][kg][mg][ng][kh][rh][sh][ji][li][ri][lj][mj][nj][pj][rj][ik][jl][kl][qn][rn][lo][no][po][pq][pr];B[oq]BM[1])
(;AB[jb][kb][lb][cc][mc][oc][jd][pd][rd][je][ke][me][cf][df][ff][gf][jf][qf][jg][qg][eh][hh][ih][mh][rh][ki][oi][pi][qi][ej][jj][ik][ok][qk][om][en][hn][jn][on][eo][fo][jo][mo][bp][dp][ep][lp][op][qp][fq][lq][lr][nr][qr][ms]AW[bc][dc][fc][hc][jc][kc][dd][id][kd][ae][ce][ie][bf][if][kf][pf][ag][cg][fg][gg][hg][pg][ah][ch][gh][ph][qh][bi][di][ei][fi][hi][cj][gj][mk][dl][gl][il][jl][km][mm][dn][kn][nn][co][cp][fp][gp][bq][dq][eq][iq][kq][cr][fr][gr][kr][ks][ls]BS[0]WS[0];B[eg]BM[1]N[Dm])
(;AB[ic][sc][dd][od][rd][sd][le][ne][qe][cf][qf][rf][rg][oh][qh][rh][pi][qj][pk][cp][eq][hq][kq]AW[lc][nc][oc][rc][pd][qd][pe][re][of][ng][pg][qg][ph][ci][cl][qm][cn][oo][np][pp][qp][mq][oq]CR[sb];W[hd])
(;AB[ca][la][cb][eb][kb][mb][dc][gc][jc][mc][dd][md][ce][de][ee][ge][me][oe][df][if][kf][mf][dg][mg][ng][ch][dh][kh][lh][mh][nh][di][fi][gi][hi][ji][ni][dj][ej][fj][gj][hj][ij][jj][nj][qj][dk][ik][qk][il][ql][bm][fm][gm][om][rm][gn][hn][in][pn][bo][go][io][mo][gp][ip][jp][kp][mp][op][fq][hq][lq][mq][oq][pq][rq][ar][br][er][hr][lr][nr][pr][rr][ds][es][hs][js][ks][os]AW[ba][ma][na][bb][nb][bc][cc][nc][oc][cd][nd][qd][be][ne][cf][of][bg][cg][og][pg][qg][bh][oh][qh][ci][ki][li][mi][oi][pi][qi][cj][kj][mj][oj][rj][ck][ek][hk][jk][lk][nk][ok][rk][bl][dl][el][fl][gl][hl][jl][kl][ml][pl][rl][cm][dm][hm][im][km][lm][nm][pm][qm][bn][dn][jn][mn][nn][rn][co][do][fo][ko][lo][no][oo][po][qo][bp][dp][lp][np][rp][bq][dq][iq][jq][kq][nq][qq][cr][dr][ir][qr][cs][ps][qs][rs];B[is]BM[1])
(;AB[fb][hb][ib][jb][fc][kc][lc][fd][hd][fe][ff][nf][rf][bg][cg][dg][eg][fg][ng][qg][ah][eh][lh][nh][rh][sh][bi][ei][fi][gi][hi][ii][ji][li][mi][ni][pi][qi][cj][ej][lj][nj][qj][ak][bk][dk][ek][fk][gk][hk][ik][jk][kk][lk][qk][bl][cl][hl][ll][ml][nl][ql][cm][dm][em][fm][jm][km][lm][nm][pm][qm][dn][fn][hn][ln][nn][pn][qn][ho][jo][ko][po][qo][ep][fp][hp][ip][jp][lp][mp][np][pp][qp][eq][fq][gq][iq][jq][nq][oq][pq][fr][hr][or][fs][gs][hs]AW[fa][ga][cb][eb][gb][kb][lb][rb][ec][gc][hc][ic][jc][mc][pc][bd][cd][dd][gd][kd][md][ae][ee][he][je][me][ne][oe][qe][re][se][af][bf][cf][df][ef][gf][lf][of][pf][sf][ag][gg][lg][og][sg][fh][gh][hh][ih][jh][kh][oh][ph][ki][oi][fj][gj][hj][ij][jj][kj][oj][pj][mk][nk][pk][al][dl][el][fl][gl][il][jl][kl][ol][pl][am][bm][gm][hm][im][mm][om][bn][cn][en][gn][in][jn][kn][mn][on][do][eo][fo][go][io][lo][mo][no][oo][cp][dp][gp][op][dq][br][dr][er][es]CR[qh];B[qf])
(;AB[ma][jb][kb][qb][rb][fc][ic][kc][mc][pc][sc][dd][ld][md][nd][od][rd][sd][le][me][ne][oe][qe][cf][kf][nf][pf][qf][rf][kg][og][rg][jh][oh][qh][rh][mi][ni][oi][pi][qj][pk][rl][cp][gp][eq][hq]AW[ka][na][lb][mb][ob][hc][jc][lc][nc][oc][hd][id][jd][kd][re][jf][cg][dg][lg][ng][lh][nh][ci][lj][fk][cl][qm][rm][cn][oo][hp][ip][kp][np][pp][qp][jq][lq][mq][oq][kr]CR[li];W[fn]BM[1])
(;AB[ja][qa][eb][hb][ib][kb][pb][rb][cc][dc][fc][gc][kc][qc][ed][fd][kd][ld][qd][de][fe][je][me][ne][qe][gf][hf][jf][kf][lf][nf][of][pf][eg][hg][ig][jg][hh][ph][qh][fi][ri][fj][hj][oj][qj][ek][ik][nk][ok][qk][rk][el][il][jl][ml][nl][rl][dm][em][fm][im][km][lm][om][qm][dn][gn][hn][pn][do][eo][fo][ho][ko][mo][oo][cp][qp][cq][eq][lq][oq][br][dr][kr][js]AW[jb][lb][mb][ob][hc][ic][jc][lc][mc][pc][cd][gd][id][jd][md][nd][od][pd][ce][ge][he][ie][oe][pe][if][mf][cg][kg][lg][mg][ng][ih][jh][lh][ci][gi][hi][ni][oi][pi][qi][dj][ej][gj][jj][nj][pj][dk][fk][gk][jk][lk][pk][bl][dl][gl][kl][ol][pl][ql][cm][gm][jm][pm][cn][jn][kn][ln][mn][co][go][io][lo][gp][dq][gq][hq][iq][jq][cr][gr][jr][hs][is]CR[nm][nn];B[lp])
(;AB[fb][ib][jb][mb][bc][cc][gc][kc][mc][dd][hd][md][ce][ee][ge][me][ef][hf][if][jf][bg][fg][gg][ig][jg][kg][bh][eh][fh][hh][ih][bi][ci][di][cj][ej][fj][bk][ek][fk][gk][hk][bl][cl][fl][bm][em][fm][gm][om][gn][bo][go][io][mo][bp][cp][fp][jp][kp][np][dq][fq][nq][oq][pq][fr][hr][kr][qr][rr][gs]AW[bb][cb][nb][dc][ec][ic][nc][ed][jd][nd][qd][je][le][ne][kf][pf][qf][dg][eg][lg][ch][dh][gh][jh][kh][ei][fi][gi][hi][ii][li][bj][dj][gj][oj][qj][ck][dk][ik][dl][el][il][kl][ol][ql][cm][dm][nm][pm][rm][bn][fn][kn][nn][qn][co][do][eo][fo][no][po][gp][op][qp][gq][hq][iq][qq][gr][jr]BS[0]WS[0];W[lp]BM[1])
(;AB[kb][mc][oc][pd][rd][me][cf][df][qf][bg][qg][bh][rh][oi][pi][qi][ok][qk][en][hn][jn][fo][dp][ep][lp][op][qp][cq][fq][lq][lr][nr][ms]AW[fc][hc][dd][id][kd][ae][ce][bf][pf][cg][pg][ch][ph][qh][cj][mk][dl][gl][jl][dn][co][fp][gp][dq][eq][iq][kq][fr][gr][kr][ks][ls]CR[cp]RG[cp]BS[0]WS[0];W[cr]BM[1])
(;AB[ea][ga][ia][ja][db][fb][kb][lb][dc][ec][ic][jc][mc][oc][ed][gd][kd][md][nd][qd][be][ce][ee][fe][he][je][le][oe][pe][ff][hf][kf][lf][nf][qf][rf][cg][ig][kg][ng][og][ch][fh][gh][hh][ih][jh][nh][di][ei][ji][li][mi][ni][jj][ck][dk][ek][gk][hk][ik][bl][cl][fl][jl][ll][ml][em][jm][cn][en][gn][do][fo][bp][cp][aq][cq][dq]AW[gb][ib][jb][fc][gc][hc][fd][hd][id][ie][me][ne][bf][cf][df][if][jf][mf][of][pf][dg][fg][jg][mg][pg][rg][eh][kh][lh][oh][qh][fi][hi][ii][oi][pi][ri][ej][fj][hj][lj][nj][rj][lk][nk][qk][dl][el][hl][il][nl][bm][cm][dm][pm][hn][in][ln][nn][ao][bo][go][ko][qo][ap][ep][gp][mp][eq][fq][hq][jq][nq][pq];W[al]BM[1])
(;AB[gb][ec][ic][kc][lc][cd][gd][id][ce][he][cg][eg][eh][oh][ph][ci][ei][gi][ii][qi][cj][dj][bk][bl][jl][cm][em][bn][gn][bo][oo][ep][ip][op][qp][aq][bq][gq][nq][pq][cr][fr][hr][nr][or]AW[jb][kb][lb][mb][pc][nd][qd][de][fe][ge][pe][re][qf][gg][ig][mg][og][fh][kh][nh][rh][fi][ri][fj][rj][ck][dk][ek][gk][qk][om][mn][qn][co][mp][np][cq][dq][eq][iq][jq][lq][br][dr]CR[ar];W[ro])
(;AB[ob][pb][cc][fc][hc][lc][nc][bd][cd][fd][le][re][ff][kf][fh][rh][qi][ri][bj][fj][kj][rj][bk][cl][dl][kl][em][gm][hm][rm][rn][co][jo][qo][gp][mp][dq][jq][pq]AW[bb][cb][eb][jb][qb][ec][pc][rc][dd][jd][pd][rd][be][ce][ie][pe][qe][df][jf][of][rf][ig][kg][lg][og][pg][qg][rg][dh][oh][qh][bi][pi][cj][ij][pj][qj][sj][dk][ek][pk][rk][el][gl][ql][qm];B[ke]BM[1])
(;AB[dd][od][rd][cf][pj][cn][en][co][do][bp][dp][ep][qp][cq][eq][oq][cr][er][ds]AW[fc][mc][id][me][ch][qh][dj][cm][bo][fp][bq][jq][mq]BS[0]WS[0];W[ap]BM[1])
(;AB[cc][fc][jc][mc][pc][fd][id][nd][ce][he][je][oe][qe][pg][mi][pi][ij][kj][nj][qj][bk][jk][mk][pk][cl][il][jl][nl][im][om][pm][qm][in][ln][rn][jo][ko][mo][ro][so][kp][lp][np][kq][mq][nq][kr][lr][mr][js][ks]AW[be][me][ne][bf][ef][dg][gg][lg][ng][fh][ih][kh][di][gi][cj][ck][gk][bl][hl][bm][gm][jm][km][lm][cn][dn][mn][on][pn][ho][no][qo][gp][ip][jp][op][rp][sp][cq][gq][jq][oq][pq][hr][jr][nr][pr][is][ns][os]CR[mm]BS[0]WS[0];W[kn]BM[1])
(;AB[nc][id][jd][nd][od][rd][ie][ke][me][oe][qe][jf][mf][nf][of][qf][qg][qh][bi][cj][ej][ij][kj][mj][oj][qj][dm][rn][eo][io][qo][ro][cp][qp][eq][hq][pq][ir]AW[ib][nb][ec][gc][kc][mc][oc][pc][rc][cd][md][pd][he][le][pe][hf][lf][pf][jg][kg][mg][og][pg][bh][ch][eh][nh][nm][pm][rm][qn][po][lp][np][jq][jr][nr]CR[gi][kn][jm];B[hl]BM[1])
(;AB[na][eb][mb][ob][ec][nc][oc][cd][jd][nd][pd][ke][me][pe][df][ef][ff][gf][if][jf][gg][bh][ch][di][ei][dm][im][jm][cn][dn][fn][in][kn][ln][do][fo][io][mo][qo][ro][ep][gp][hp][kp][eq][iq][mq][pq][ir][mr]AW[fb][lb][gc][ic][jc][lc][mc][qc][qd][fe][ge][he][ie][qe][qf][fg][lg][ng][pg][fh][bi][qi][cj][dj][lj][nk][qk][cl][cm][gm][hm][nm][qm][bn][jn][rn][co][go][ho][jo][ko][oo][so][cp][dq][kq][jr][lr]CR[rp]BS[0]WS[0];W[sq]BM[1])
(;AB[qa][eb][hb][ib][kb][pb][rb][dc][fc][gc][kc][qc][ed][hd][ld][qd][de][fe][pf][hg][ph][qh][ri][oj][qj][ok][qk][nl][rl][om][qm][pn][ko][oo][qp][lq][oq]AW[lb][ob][hc][ic][mc][pc][cd][id][jd][nd][pd][ce][ke][le][cg][lg][ng][ci][ni][oi][pi][qi][nj][pj][pk][dl][ol][pl][ql][pm][co][go][dq][gq][jq];B[nk]BM[1])
(;AB[dd][od][rd][cf][pj][dm][om][bn][cn][en][pn][co][do][fo][qo][bp][cp][dp][ep][qp][cq][eq][oq][cr][er][or][ds]AW[ob][fc][mc][id][me][ch][oh][qh][dj][rj][cm][qm][qn][bo][ap][fp][bq][gq][jq][mq][nr]CR[pc][qc]BS[0]WS[0];W[cl])
(;AB[gb][hb][ib][dc][ec][fc][jc][lc][pc][ce][de][je][ke][le][re][hf][jf][mf][pf][qf][bg][lg][mg][rg][sg][hh][lh][mh][sh][ki][cj][jj][mj][nj][oj][ek][mk][pk][qk][gl][hl][ql][cm][im][jm][lm][mm][qm][bn][hn][qn][eo][qo][ep][hp][np][fq][gq][jq][lq][nq][gr][mr]AW[hc][oc][qc][ed][fd][hd][nd][pd][rd][ee][ge][ie][me][pe][qe][kf][lf][of][dg][fg][kg][ng][jh][nh][oh][rh][ei][gi][hi][ii][pi][ri][si][pj][rj][hk][kk][nk][ok][rk][il][jl][pl][km][nm][pm][kn][ln][nn][pn][bo][co][jo][mo][dp][lp][op][rp][dq][eq][oq][pq][er][fr];B[bc]BM[1])
(;AB[da][ea][qa][ra][gb][hb][jb][mb][nb][ob][cc][ic][kc][nc][cd][hd][rd][be][ce][ee][ge][ne][cf][df][if][lf][nf][of][qf][rf][fg][gg][jg][ng][hh][lh][bi][ci][di][ji][li][oi][ej][hj][nj][oj][pj][kk][lk][nk][pk][rk][sk][bl][jl][kl][nl][pl][ql][bm][em][fm][km][mm][nm][kn][mn][on][qn][io][jo][ko][lo][mo][qo][ro][so][fp][ip][kp][mp][bq][dq][eq][jq][kq][lq][mq][pq][cr][jr][kr][lr][js][ks][ls]AW[fa][ga][oa][pa][cb][db][fb][pb][rb][dc][fc][oc][pc][dd][qd][de][oe][pe][qe][bf][pf][sf][bg][cg][dg][og][qg][rg][eh][fh][gh][nh][oh][ph][ai][ei][fi][mi][ni][pi][qi][bj][cj][fj][jj][kj][lj][mj][qj][rj][ak][dk][fk][gk][jk][mk][qk][cl][fl][hl][il][ll][ml][rl][sl][cm][dm][gm][jm][om][pm][qm][rm][sm][bn][en][fn][gn][hn][in][jn][rn][sn][co][do][fo][go][ho][bp][cp][dp][ep][gp][hp][cq][iq][br][dr][er][gr][ir][is];B[dh]BM[1])
(;AB[ec][ic][lc][cd][id][cg][eg][ph][ci][ei][qi][cj][bk][bl][cm][em][oo][ep][ip][op][qp][gq][nq][pq][nr][or]AW[kb][lb][mb][pc][nd][qd][pe][re][qf][rh][ri][ck][ek][qk][om][mn][qn][co][mp][np][dq][eq][iq][jq][lq];W[rj]BM[1])
(;AB[nb][fc][jc][nc][oc][pc][ee][he][qe][ng][pg][ci][qi][ck][do][dq][gq][cr]AW[ob][pb][dc][qc][pd][qd][ce][me][oe][dg][ok][qk][io][cp][qp][cq][iq][oq]CR[dp]BS[0]WS[0];B[co])
(;AB[ja][qa][eb][hb][ib][kb][pb][rb][cc][dc][fc][gc][kc][qc][ed][kd][ld][qd][de][fe][je][me][ne][gf][hf][jf][kf][lf][nf][of][pf][hg][ig][jg][ph][qh][ri][oj][qj][nk][ok][qk][nl][rl][lm][om][qm][pn][ko][oo][qp][lq][oq]AW[jb][lb][ob][hc][ic][jc][mc][pc][cd][gd][id][jd][nd][od][pd][ce][ge][he][ie][if][mf][cg][kg][lg][mg][ng][ih][jh][lh][ci][ni][oi][pi][qi][jj][nj][pj][lk][pk][dl][ol][pl][ql][pm][co][go][dq][gq][jq]CR[nb];W[mb])
(;AB[jc][cd][ed][je][re][qf][dg][qg][ih][qh][ei][fi][gi][oi][cj][dj][qj][rj][kn][mn][on][bo][po][bp][ep][fp][cq][dq][fq][oq][pq][er][gr][fs]AW[lc][oc][qd][rd][me][pf][pg][ej][fj][gj][hj][ck][dk][rk][ol][ql][cm][fm][in][qn][co][eo][fo][go][qo][gp][np][gq][jq][nq][hr]CR[rq];W[lq]BM[1])
(;AB[da][pa][qa][cb][fb][pb][rb][sb][cc][dc][fc][ic][pc][ed][fd][gd][hd][id][jd][pd][ee][pe][ef][ff][hf][if][pf][eg][lg][mg][ng][pg][eh][mh][ph][rh][mi][qi][ri][aj][ej][mj][pj][ak][bk][ck][dk][ek][mk][ok][qk][cl][el][fl][ol][rl][cm][om][pm][qm][rm][bn][dn][kn][mn][nn][sn][bo][do][fo][go][ho][io][jo][ro][bp][dp][fp][lp][np][qp][rp][cq][dq][eq][fq][gq][jq][mq][pq][dr][jr][nr][or][hs][is][js]AW[ba][ca][bb][hb][ib][jb][mb][ob][qb][bc][gc][hc][kc][nc][qc][rc][cd][kd][od][qd][be][fe][ge][je][ne][qe][df][gf][lf][mf][nf][qf][dg][gg][jg][kg][qg][rg][bh][dh][hh][ih][lh][qh][ai][gi][li][ni][bj][cj][dj][hj][lj][fk][ik][lk][gl][ll][ml][pl][ql][dm][em][im][km][mm][fn][gn][hn][qn][rn][po][qo][gp][hp][ip][op][aq][bq][hq][iq][oq][ar][br][cr][er][fr][gr][hr][ir][cs][ds][fs][gs]CR[fj];W[pp]BM[1])
(;AB[qg][cl][ql][qn][co][lp][dq][gq][jq][nq][qq]AW[fc][lc][cd][id][od][qd][cg][og][ci][oi][qi]CR[ei][ij][pc][qc][cc][hj][jj][nk][hi][ii][ji][ek][fk];B[go]BM[1])
(;AB[dc][hc][ce][cg][ei][bm][dn][cp][ep][fp][dq][fq][lq][er][ir][jr][or]AW[jc][oc][md][qd][pg][cj][pj][cl][el][gl][im][io][ko][qo][iq][pq]CR[ql][pn];B[he])
(;AB[ec][oc][cd]AW[po][cq][pq]CR[qd];B[ci])
(;AB[fb][hb][fc][kc][lc][fd][hd][fe][ff][nf][rf][bg][cg][dg][eg][fg][ng][qg][ah][nh][bi][fi][hi][ii][ji][ni][qi][cj][lj][nj][qj][fk][hk][jk][qk][bl][nl][cm][dm][fm][km][nm][qm][fn][hn][nn][ho][jo][ko][qo][ep][hp][mp][qp][eq][fq][gq][iq][jq][nq][pq][fr]AW[fa][ga][eb][gb][ec][gc][hc][ic][jc][mc][pc][bd][cd][dd][gd][kd][md][ae][ee][he][je][oe][qe][re][af][bf][cf][df][ef][gf][lf][of][ag][og][hh][ih][jh][kh][oh][oi][oj][pj][al][ol][bm][gm][hm][im][om][bn][cn][gn][jn][on][do][eo][fo][go][oo][cp][dp][gp][dq][dr][er]CR[bk];B[ak]BM[1])
(;AB[jb][kb][lb][cc][mc][nc][oc][jd][pd][rd][je][ke][le][me][cf][df][ff][gf][jf][qf][eg][jg][kg][mg][qg][eh][hh][ih][mh][rh][ki][li][oi][pi][qi][ej][jj][mj][ik][nk][ok][qk][om][bn][en][hn][jn][on][bo][eo][fo][jo][mo][no][bp][dp][ep][lp][op][qp][fq][lq][oq][lr][nr][qr][ms]AW[bc][dc][fc][hc][jc][kc][dd][id][kd][ld][md][nd][ae][ce][ie][oe][bf][if][kf][pf][ag][cg][fg][gg][hg][lg][pg][ah][ch][gh][kh][lh][ph][qh][bi][di][ei][fi][hi][mi][ni][cj][gj][mk][dl][gl][il][jl][km][mm][nm][dn][kn][nn][co][cp][fp][gp][np][bq][dq][eq][iq][kq][cr][fr][gr][kr][ks][ls]CR[nh]BS[0]WS[0];W[lk])
(;AB[eb][cc][fc][jc][qc][fd][ld][od][ge][pf][qj][ql][qm][rm][qn][mo][no][oo][ro][mp][lq][mq][nr][or]AW[fb][gb][gc][hc][gd][id][jd][he][cj][pl][rl][pm][cn][pn][rn][po][qo][dp][lp][np][eq][jq][nq][qq][pr];B[cp]BM[1])
(;AB[fb][hb][fc][kc][lc][fd][hd][fe][ff][nf][rf][bg][cg][dg][eg][fg][ng][qg][ah][nh][rh][bi][fi][hi][ii][ji][ni][qi][cj][lj][nj][qj][ak][bk][dk][ek][fk][gk][hk][jk][qk][bl][cl][nl][cm][dm][em][fm][km][nm][qm][fn][hn][nn][ho][jo][ko][qo][ep][hp][mp][qp][eq][fq][gq][iq][jq][nq][pq][fr][hr]AW[fa][ga][eb][gb][ec][gc][hc][ic][jc][mc][pc][bd][cd][dd][gd][kd][md][ae][ee][he][je][oe][qe][re][se][af][bf][cf][df][ef][gf][lf][of][ag][og][hh][ih][jh][kh][oh][ki][oi][oj][pj][al][dl][el][fl][gl][ol][am][bm][gm][hm][im][om][bn][cn][en][gn][in][jn][on][do][eo][fo][go][oo][cp][dp][gp][dq][dr][er]CR[kj];B[ib]BM[1])
(;AB[jb][kb][lb][cc][mc][oc][jd][pd][rd][je][ke][me][cf][df][ff][gf][jf][qf][jg][qg][eh][hh][ih][mh][rh][ki][oi][pi][qi][ej][jj][ok][qk][om][en][hn][jn][on][eo][fo][jo][mo][bp][dp][ep][lp][op][qp][fq][lq][lr][nr][qr][ms]AW[dc][fc][hc][jc][kc][dd][id][kd][ae][ce][ie][bf][if][kf][pf][ag][cg][fg][gg][hg][pg][ah][ch][gh][ph][qh][bi][di][ei][fi][hi][cj][gj][mk][dl][gl][jl][km][mm][dn][kn][nn][co][cp][fp][gp][bq][dq][eq][iq][kq][cr][fr][gr][kr][ks][ls]BS[0]WS[0];W[bc]BM[1]N[Dm])
(;AB[dc][cd][qh][pl][co][po][qo][dq][jq]AW[jc][pc][ce][de][qe][dh][qp][pq]CR[je][ec][cl];W[mc]BM[1])
(;AB[mb][nb][pb][ec][gc][hc][lc][oc][qc][rc][cd][id][jd][kd][ld][qd][be][ie][pe][qe][bf][bg][bh][ci][ei][oj][ck][ol][ql][rl][cm][em][nn][qn][lp][qp][lq][oq]AW[kb][lb][ic][jc][mc][sc][hd][nd][od][pd][rd][he][je][ke][le][oe][re][cf][ef][gf][if][of][rf][cg][pg][pi][qj][rk][sl][rm][bn][do][ko][gp][kp][cq][jq];W[rb]TE[1])
(;AB[mb][nb][pb][ec][gc][hc][lc][oc][qc][rc][cd][id][jd][kd][ld][qd][be][ie][pe][qe][bf][bg][bh][oh][ph][qh][ci][ei][oi][oj][ck][fk][ol][ql][rl][cm][em][gn][nn][qn][io][fp][lp][qp][lq][oq]AW[ib][kb][lb][rb][ic][jc][mc][sc][hd][nd][od][pd][rd][he][je][ke][le][oe][re][cf][ef][gf][if][of][pf][qf][rf][cg][pg][gi][pi][qj][hk][rk][jl][sl][rm][bn][jn][do][fo][ko][gp][kp][cq][jq]CR[go];B[fq]BM[1])
(;AB[bc][cc][gc][dd][ce][cj][cp][kp][np][dq][fq]AW[cb][dc][ec][nc][qd][qj][co][do][po][qq]CR[ed][fd]BS[0]WS[0];W[bb]BM[1])
(;AB[db][cc][bd][cd][fd][fe][fg][sg][fh][nh][ph][qh][ei][cj][rj][sk][qm][sm][dp][mp][fq][hq][jq]AW[cb][eb][dc][fc][hc][kc][qc][dd][gd][ce][df][pf][qg][ch][eh][ok][qk][rk][pm][pn][oq][qq]CR[be][bb];W[ke])
(;AB[fb][ib][jb][mb][bc][cc][gc][kc][mc][dd][hd][ce][ee][ge][ef][hf][if][jf][bg][fg][gg][ig][jg][kg][bh][eh][fh][hh][ih][bi][ci][di][cj][ej][fj][bk][ek][fk][gk][hk][bl][cl][fl][bm][em][fm][gm][om][gn][bo][go][io][mo][bp][cp][fp][jp][kp][np][dq][fq][nq][oq][pq][kr][qr][rr]AW[bb][cb][nb][dc][ec][ic][nc][ed][jd][qd][je][le][ne][kf][pf][qf][dg][eg][lg][ch][dh][gh][jh][kh][ei][fi][gi][hi][ii][li][bj][dj][gj][oj][qj][ck][dk][ik][dl][el][il][kl][ol][ql][cm][dm][nm][pm][rm][bn][fn][kn][nn][qn][co][do][eo][fo][no][po][gp][op][qp][iq][qq]BS[0]WS[0];W[jr]BM[1])
(;AB[cc][fc][jc][mc][pc][fd][id][ce][oe][qe][pg][mi][pi][nj][qj][bk][pk][cl][qm][lp][kq][mq][or]AW[be][bf][ef][dg][gg][fh][di][gi][cj][bl][bm][cn][dn][on][qo][gp][jp][op][cq][gq][jq][pq][pr]BS[0]WS[0];B[mk]BM[1])
(;AB[lb][nc][oc][pc][nd][qd][rd][ce][ne][df][lf][ng][bi][ci][ni][cj][pj][qj][qk][nl][om][en][on][do][qo][dp][jp][pp][dq][eq][fq][gq][mq][dr][gr][nr][or]AW[kb][mb][cc][gc][ic][mc][cd][ed][ld][od][pd][ie][pe][qe][qg][pi][qi][bj][bk][pk][cl][el][pl][qm][cn][ln][pn][co][mo][cp][ep][np][cq][nq][er][fr];W[oq]BM[1])
(;AB[dd][de][cf][df][ef][ff][jf][kf][nf][ag][bg][dg][kg][ng][qg][ah][dh][kh][lh][mh][oh][ph][ai][pi][ri][aj][bj][cj][dj][ej][gj][hj][kj][lj][rj][ek][gk][hk][lk][ok][cl][fl][il][jl][kl][ll][ml][nl][ol][pl][ql][rl][em][fm][hm][rm][en][fn][gn][hn][in][kn][ln][nn][qn][sn][co][go][io][jo][lp][rp][dq][gq][jq][nq][qq]AW[cb][dc][fc][lc][cd][ed][id][md][od][qd][be][fe][je][ke][le][bf][gf][if][lf][of][qf][rf][cg][eg][gg][jg][mg][og][rg][bh][ch][fh][ih][nh][rh][bi][ci][di][ei][fi][gi][hi][ji][ki][li][mi][ni][oi][qi][fj][ij][jj][mj][oj][pj][qj][sj][fk][ik][jk][kk][mk][nk][pk][qk][rk][sk][sl][im][jm][km][sm][jn];W[jh]BM[1])
(;AB[fb][mb][nb][fc][hc][lc][ld][cf][lf][ch][ck][ek][co][go][dq][gq][jq]AW[eb][ob][ec][nc][pc][cd][fd][od][qd][ee][pe][pj][pm][jo][lo][qp][lq][oq]CR[qh][ph];B[if])
(;AB[qc][dd][de][df][qp][oq]AW[dc][ec][cd][ce][di][cq]CR[cf];B[cg])
(;AB[cc][jc][qc][fd][ld][od][pf][qj]AW[cj][cn][dp][np][eq][jq][qq];W[hc]BM[1])
(;AB[mb][ec][mc][oc][cd][md][qd][le][me][qg][ci][ei][gn][in][io][ip][eq][gq][iq][dr]AW[lb][gc][jc][lc][jd][ld][oj][qj][cl][il][km][do][jo][po][jp][mp][cq][jq][pq][cr];B[cf]BM[1])
(;AB[cc][de][dh][cj][ol][ql][rm][dn][cq][jq]AW[oc][fd][id][qd][pj][rj][qn][rn][po][pq]CR[ml];B[rk]BM[1])
(;AB[cl][ql][qn][co][dq][gq][jq][nq][qq]AW[fc][lc][cd][id][od][qd][ci][oi][qi];B[qg]BM[1]))
